Archive member included to satisfy reference by file (symbol)

/usr/lib/gcc/arm-none-eabi/12.2.0/thumb/v6-m/nofp/libgcc.a(_dvmd_tls.o)
                              CMakeFiles/FuseTester.dir/home/rombutan/pico-sdk/src/rp2_common/pico_divider/divider.S.obj (__aeabi_idiv0)
/usr/lib/gcc/arm-none-eabi/12.2.0/../../../../arm-none-eabi/lib/thumb/v6-m/nofp/libc.a(lib_a-atexit.o)
                              /usr/lib/gcc/arm-none-eabi/12.2.0/../../../../arm-none-eabi/lib/thumb/v6-m/nofp/crt0.o (atexit)
/usr/lib/gcc/arm-none-eabi/12.2.0/../../../../arm-none-eabi/lib/thumb/v6-m/nofp/libc.a(lib_a-calloc.o)
                              CMakeFiles/FuseTester.dir/home/rombutan/pico-sdk/src/rp2_common/pico_malloc/pico_malloc.c.obj (calloc)
/usr/lib/gcc/arm-none-eabi/12.2.0/../../../../arm-none-eabi/lib/thumb/v6-m/nofp/libc.a(lib_a-callocr.o)
                              /usr/lib/gcc/arm-none-eabi/12.2.0/../../../../arm-none-eabi/lib/thumb/v6-m/nofp/libc.a(lib_a-calloc.o) (_calloc_r)
/usr/lib/gcc/arm-none-eabi/12.2.0/../../../../arm-none-eabi/lib/thumb/v6-m/nofp/libc.a(lib_a-errno.o)
                              /usr/lib/gcc/arm-none-eabi/12.2.0/../../../../arm-none-eabi/lib/thumb/v6-m/nofp/libc.a(lib_a-callocr.o) (__errno)
/usr/lib/gcc/arm-none-eabi/12.2.0/../../../../arm-none-eabi/lib/thumb/v6-m/nofp/libc.a(lib_a-fini.o)
                              /usr/lib/gcc/arm-none-eabi/12.2.0/../../../../arm-none-eabi/lib/thumb/v6-m/nofp/crt0.o (__libc_fini_array)
/usr/lib/gcc/arm-none-eabi/12.2.0/../../../../arm-none-eabi/lib/thumb/v6-m/nofp/libc.a(lib_a-impure.o)
                              /usr/lib/gcc/arm-none-eabi/12.2.0/../../../../arm-none-eabi/lib/thumb/v6-m/nofp/libc.a(lib_a-calloc.o) (_impure_ptr)
/usr/lib/gcc/arm-none-eabi/12.2.0/../../../../arm-none-eabi/lib/thumb/v6-m/nofp/libc.a(lib_a-init.o)
                              /usr/lib/gcc/arm-none-eabi/12.2.0/../../../../arm-none-eabi/lib/thumb/v6-m/nofp/crt0.o (__libc_init_array)
/usr/lib/gcc/arm-none-eabi/12.2.0/../../../../arm-none-eabi/lib/thumb/v6-m/nofp/libc.a(lib_a-malloc.o)
                              CMakeFiles/FuseTester.dir/home/rombutan/pico-sdk/src/rp2_common/pico_malloc/pico_malloc.c.obj (malloc)
/usr/lib/gcc/arm-none-eabi/12.2.0/../../../../arm-none-eabi/lib/thumb/v6-m/nofp/libc.a(lib_a-mallocr.o)
                              /usr/lib/gcc/arm-none-eabi/12.2.0/../../../../arm-none-eabi/lib/thumb/v6-m/nofp/libc.a(lib_a-callocr.o) (_malloc_r)
/usr/lib/gcc/arm-none-eabi/12.2.0/../../../../arm-none-eabi/lib/thumb/v6-m/nofp/libc.a(lib_a-mlock.o)
                              /usr/lib/gcc/arm-none-eabi/12.2.0/../../../../arm-none-eabi/lib/thumb/v6-m/nofp/libc.a(lib_a-mallocr.o) (__malloc_lock)
/usr/lib/gcc/arm-none-eabi/12.2.0/../../../../arm-none-eabi/lib/thumb/v6-m/nofp/libc.a(lib_a-realloc.o)
                              CMakeFiles/FuseTester.dir/home/rombutan/pico-sdk/src/rp2_common/pico_malloc/pico_malloc.c.obj (realloc)
/usr/lib/gcc/arm-none-eabi/12.2.0/../../../../arm-none-eabi/lib/thumb/v6-m/nofp/libc.a(lib_a-reallocr.o)
                              /usr/lib/gcc/arm-none-eabi/12.2.0/../../../../arm-none-eabi/lib/thumb/v6-m/nofp/libc.a(lib_a-realloc.o) (_realloc_r)
/usr/lib/gcc/arm-none-eabi/12.2.0/../../../../arm-none-eabi/lib/thumb/v6-m/nofp/libc.a(lib_a-sbrkr.o)
                              /usr/lib/gcc/arm-none-eabi/12.2.0/../../../../arm-none-eabi/lib/thumb/v6-m/nofp/libc.a(lib_a-mallocr.o) (_sbrk_r)
/usr/lib/gcc/arm-none-eabi/12.2.0/../../../../arm-none-eabi/lib/thumb/v6-m/nofp/libc.a(lib_a-strlen-stub.o)
                              CMakeFiles/FuseTester.dir/home/rombutan/pico-sdk/src/rp2_common/pico_stdio/stdio.c.obj (strlen)
/usr/lib/gcc/arm-none-eabi/12.2.0/../../../../arm-none-eabi/lib/thumb/v6-m/nofp/libc.a(lib_a-__atexit.o)
                              /usr/lib/gcc/arm-none-eabi/12.2.0/../../../../arm-none-eabi/lib/thumb/v6-m/nofp/libc.a(lib_a-atexit.o) (__register_exitproc)
/usr/lib/gcc/arm-none-eabi/12.2.0/../../../../arm-none-eabi/lib/thumb/v6-m/nofp/libc.a(lib_a-__call_atexit.o)
                              /usr/lib/gcc/arm-none-eabi/12.2.0/../../../../arm-none-eabi/lib/thumb/v6-m/nofp/libc.a(lib_a-__atexit.o) (__atexit_recursive_mutex)
/usr/lib/gcc/arm-none-eabi/12.2.0/../../../../arm-none-eabi/lib/thumb/v6-m/nofp/libc.a(lib_a-freer.o)
                              /usr/lib/gcc/arm-none-eabi/12.2.0/../../../../arm-none-eabi/lib/thumb/v6-m/nofp/libc.a(lib_a-malloc.o) (_free_r)
/usr/lib/gcc/arm-none-eabi/12.2.0/../../../../arm-none-eabi/lib/thumb/v6-m/nofp/libc.a(lib_a-lock.o)
                              /usr/lib/gcc/arm-none-eabi/12.2.0/../../../../arm-none-eabi/lib/thumb/v6-m/nofp/libc.a(lib_a-mlock.o) (__retarget_lock_acquire_recursive)
/usr/lib/gcc/arm-none-eabi/12.2.0/../../../../arm-none-eabi/lib/thumb/v6-m/nofp/libc.a(lib_a-memmove.o)
                              /usr/lib/gcc/arm-none-eabi/12.2.0/../../../../arm-none-eabi/lib/thumb/v6-m/nofp/libc.a(lib_a-reallocr.o) (memmove)
[...]
Memory Configuration

Name             Origin             Length             Attributes
FLASH            0x0000000010000000 0x0000000000200000 xr
RAM              0x0000000020000000 0x0000000000040000 xrw
SCRATCH_X        0x0000000020040000 0x0000000000001000 xrw
SCRATCH_Y        0x0000000020041000 0x0000000000001000 xrw
*default*        0x0000000000000000 0xffffffffffffffff

Linker script and memory map

LOAD /usr/lib/gcc/arm-none-eabi/12.2.0/thumb/v6-m/nofp/crti.o
LOAD /usr/lib/gcc/arm-none-eabi/12.2.0/thumb/v6-m/nofp/crtbegin.o
LOAD /usr/lib/gcc/arm-none-eabi/12.2.0/../../../../arm-none-eabi/lib/thumb/v6-m/nofp/crt0.o

.flash_begin    0x0000000010000000        0x0
                0x0000000010000000                __flash_binary_start = .

.boot2          0x0000000010000000      0x100
                0x0000000010000000                __boot2_start__ = .
 *(.boot2)
 .boot2         0x0000000010000000      0x100 /tmp/cc3bUhSd.o
                0x0000000010000100                __boot2_end__ = .
                0x0000000000000001                ASSERT (((__boot2_end__ - __boot2_start__) == 0x100), ERROR: Pico second stage bootloader must be 256 bytes in size)

.text           0x0000000010000100     0x4980
                0x0000000010000100                __logical_binary_start = .
 *(.vectors)
 .vectors       0x0000000010000100       0xd4 CMakeFiles/FuseTester.dir/home/rombutan/pico-sdk/src/rp2_common/pico_standard_link/crt0.S.obj
                0x0000000010000100                __vectors
                0x0000000010000100                __VECTOR_TABLE
                0x00000000100001c0                isr_invalid
                0x00000000100001c0                __default_isrs_start
                0x00000000100001c2                isr_nmi
                0x00000000100001c4                isr_hardfault
                0x00000000100001c6                isr_svcall
                0x00000000100001c8                isr_pendsv
                0x00000000100001ca                isr_systick
                0x00000000100001cc                isr_irq30
                0x00000000100001cc                __unhandled_user_irq
                0x00000000100001cc                isr_irq13
                0x00000000100001cc                isr_irq27
                0x00000000100001cc                isr_irq31
                0x00000000100001cc                isr_irq5
                0x00000000100001cc                isr_irq11
                0x00000000100001cc                isr_irq23
                0x00000000100001cc                isr_irq18
                0x00000000100001cc                isr_irq28
                0x00000000100001cc                isr_irq19
                0x00000000100001cc                isr_irq0
                0x00000000100001cc                isr_irq6
                0x00000000100001cc                isr_irq22
                0x00000000100001cc                isr_irq17
                0x00000000100001cc                isr_irq14
                0x00000000100001cc                isr_irq2
                0x00000000100001cc                isr_irq10
                0x00000000100001cc                isr_irq8
                0x00000000100001cc                isr_irq24
                0x00000000100001cc                isr_irq1
                0x00000000100001cc                isr_irq7
                0x00000000100001cc                isr_irq21
                0x00000000100001cc                isr_irq20
                0x00000000100001cc                isr_irq15
                0x00000000100001cc                isr_irq25
                0x00000000100001cc                isr_irq4
                0x00000000100001cc                isr_irq16
                0x00000000100001cc                isr_irq29
                0x00000000100001cc                isr_irq26
                0x00000000100001cc                __default_isrs_end
                0x00000000100001cc                isr_irq3
                0x00000000100001cc                isr_irq12
                0x00000000100001cc                isr_irq9
                0x00000000100001d2                unhandled_user_irq_num_in_r0
 *(.binary_info_header)
 .binary_info_header
                0x00000000100001d4       0x14 CMakeFiles/FuseTester.dir/home/rombutan/pico-sdk/src/rp2_common/pico_standard_link/crt0.S.obj
                0x00000000100001e8                __binary_info_header_end = .
 *(.reset)
 .reset         0x00000000100001e8       0xa8 CMakeFiles/FuseTester.dir/home/rombutan/pico-sdk/src/rp2_common/pico_standard_link/crt0.S.obj
                0x00000000100001e8                _entry_point
                0x0000000010000266                __get_current_exception
 .reset         0x0000000010000290       0x30 CMakeFiles/FuseTester.dir/home/rombutan/pico-sdk/src/rp2_common/pico_standard_link/binary_info.c.obj
 *(.init)
 .init          0x00000000100002c0        0x4 /usr/lib/gcc/arm-none-eabi/12.2.0/thumb/v6-m/nofp/crti.o
                0x00000000100002c0                _init
 *(EXCLUDE_FILE(*libm.a: *libc.a:*lib_a-mem*.o *libgcc.a:) .text*)
 .text          0x00000000100002c4       0x98 /usr/lib/gcc/arm-none-eabi/12.2.0/thumb/v6-m/nofp/crtbegin.o
 .text.startup.main
                0x000000001000035c       0xa4 CMakeFiles/FuseTester.dir/main.c.obj
                0x000000001000035c                main
 .text.gpio_set_function
                0x0000000010000400       0x30 CMakeFiles/FuseTester.dir/home/rombutan/pico-sdk/src/rp2_common/hardware_gpio/gpio.c.obj
                0x0000000010000400                gpio_set_function
 .text.gpio_set_pulls
                0x0000000010000430       0x24 CMakeFiles/FuseTester.dir/home/rombutan/pico-sdk/src/rp2_common/hardware_gpio/gpio.c.obj
                0x0000000010000430                gpio_set_pulls
 .text.hw_claim_or_assert
                0x0000000010000454       0x44 CMakeFiles/FuseTester.dir/home/rombutan/pico-sdk/src/rp2_common/hardware_claim/claim.c.obj
                0x0000000010000454                hw_claim_or_assert
 .text.running_on_fpga
                0x0000000010000498       0x10 CMakeFiles/FuseTester.dir/home/rombutan/pico-sdk/src/rp2_common/pico_platform/platform.c.obj
                0x0000000010000498                running_on_fpga
 .text.spin_locks_reset
                0x00000000100004a8       0x1c CMakeFiles/FuseTester.dir/home/rombutan/pico-sdk/src/rp2_common/hardware_sync/sync.c.obj
                0x00000000100004a8                spin_locks_reset
 .text.next_striped_spin_lock_num
                0x00000000100004c4       0x18 CMakeFiles/FuseTester.dir/home/rombutan/pico-sdk/src/rp2_common/hardware_sync/sync.c.obj
                0x00000000100004c4                next_striped_spin_lock_num
 .text.irq_set_enabled
                0x00000000100004dc       0x24 CMakeFiles/FuseTester.dir/home/rombutan/pico-sdk/src/rp2_common/hardware_irq/irq.c.obj
                0x00000000100004dc                irq_set_enabled
 .text.irq_get_vtable_handler
                0x0000000010000500       0x10 CMakeFiles/FuseTester.dir/home/rombutan/pico-sdk/src/rp2_common/hardware_irq/irq.c.obj
                0x0000000010000500                irq_get_vtable_handler
 .text.irq_set_exclusive_handler
                0x0000000010000510       0x54 CMakeFiles/FuseTester.dir/home/rombutan/pico-sdk/src/rp2_common/hardware_irq/irq.c.obj
                0x0000000010000510                irq_set_exclusive_handler
 .text.irq_remove_handler
                0x0000000010000564      0x1cc CMakeFiles/FuseTester.dir/home/rombutan/pico-sdk/src/rp2_common/hardware_irq/irq.c.obj
                0x0000000010000564                irq_remove_handler
 .text.irq_add_tail_to_free_list
                0x0000000010000730       0xb4 CMakeFiles/FuseTester.dir/home/rombutan/pico-sdk/src/rp2_common/hardware_irq/irq.c.obj
                0x0000000010000730                irq_add_tail_to_free_list
 .text.irq_init_priorities
                0x00000000100007e4       0x24 CMakeFiles/FuseTester.dir/home/rombutan/pico-sdk/src/rp2_common/hardware_irq/irq.c.obj
                0x00000000100007e4                irq_init_priorities
 .text.lock_init
                0x0000000010000808       0x10 CMakeFiles/FuseTester.dir/home/rombutan/pico-sdk/src/common/pico_sync/lock_core.c.obj
                0x0000000010000808                lock_init
 .text.timer_pool_entry_comparator
                0x0000000010000818       0x34 CMakeFiles/FuseTester.dir/home/rombutan/pico-sdk/src/common/pico_time/time.c.obj
                0x0000000010000818                timer_pool_entry_comparator
 .text.sleep_until_callback
                0x000000001000084c       0x30 CMakeFiles/FuseTester.dir/home/rombutan/pico-sdk/src/common/pico_time/time.c.obj
 .text.add_alarm_under_lock.isra.0
                0x000000001000087c       0xf8 CMakeFiles/FuseTester.dir/home/rombutan/pico-sdk/src/common/pico_time/time.c.obj
 .text.alarm_pool_alarm_callback
                0x0000000010000974      0x1c4 CMakeFiles/FuseTester.dir/home/rombutan/pico-sdk/src/common/pico_time/time.c.obj
 .text.alarm_pool_add_alarm_at.constprop.0
                0x0000000010000b38      0x114 CMakeFiles/FuseTester.dir/home/rombutan/pico-sdk/src/common/pico_time/time.c.obj
 .text.alarm_pool_init_default
                0x0000000010000c4c       0x64 CMakeFiles/FuseTester.dir/home/rombutan/pico-sdk/src/common/pico_time/time.c.obj
                0x0000000010000c4c                alarm_pool_init_default
 .text.sleep_until
                0x0000000010000cb0       0xac CMakeFiles/FuseTester.dir/home/rombutan/pico-sdk/src/common/pico_time/time.c.obj
                0x0000000010000cb0                sleep_until
 .text.sleep_ms
                0x0000000010000d5c       0x38 CMakeFiles/FuseTester.dir/home/rombutan/pico-sdk/src/common/pico_time/time.c.obj
                0x0000000010000d5c                sleep_ms
 .text.hardware_alarm_irq_handler
                0x0000000010000d94       0xb8 CMakeFiles/FuseTester.dir/home/rombutan/pico-sdk/src/rp2_common/hardware_timer/timer.c.obj
 .text.hardware_alarm_claim
                0x0000000010000e4c       0x18 CMakeFiles/FuseTester.dir/home/rombutan/pico-sdk/src/rp2_common/hardware_timer/timer.c.obj
                0x0000000010000e4c                hardware_alarm_claim
 .text.time_us_64
                0x0000000010000e64       0x14 CMakeFiles/FuseTester.dir/home/rombutan/pico-sdk/src/rp2_common/hardware_timer/timer.c.obj
                0x0000000010000e64                time_us_64
 .text.busy_wait_until
                0x0000000010000e78       0x20 CMakeFiles/FuseTester.dir/home/rombutan/pico-sdk/src/rp2_common/hardware_timer/timer.c.obj
                0x0000000010000e78                busy_wait_until
 .text.hardware_alarm_set_callback
                0x0000000010000e98       0x8c CMakeFiles/FuseTester.dir/home/rombutan/pico-sdk/src/rp2_common/hardware_timer/timer.c.obj
                0x0000000010000e98                hardware_alarm_set_callback
 .text.hardware_alarm_set_target
                0x0000000010000f24       0xdc CMakeFiles/FuseTester.dir/home/rombutan/pico-sdk/src/rp2_common/hardware_timer/timer.c.obj
                0x0000000010000f24                hardware_alarm_set_target
 .text.hardware_alarm_cancel
                0x0000000010001000       0x3c CMakeFiles/FuseTester.dir/home/rombutan/pico-sdk/src/rp2_common/hardware_timer/timer.c.obj
                0x0000000010001000                hardware_alarm_cancel
 .text.ph_merge_nodes
                0x000000001000103c       0x58 CMakeFiles/FuseTester.dir/home/rombutan/pico-sdk/src/common/pico_util/pheap.c.obj
 .text.ph_post_alloc_init
                0x0000000010001094       0x3c CMakeFiles/FuseTester.dir/home/rombutan/pico-sdk/src/common/pico_util/pheap.c.obj
                0x0000000010001094                ph_post_alloc_init
 .text.ph_merge_two_pass
                0x00000000100010d0       0x8c CMakeFiles/FuseTester.dir/home/rombutan/pico-sdk/src/common/pico_util/pheap.c.obj
                0x00000000100010d0                ph_merge_two_pass
 .text.ph_remove_any_head
                0x000000001000115c      0x12c CMakeFiles/FuseTester.dir/home/rombutan/pico-sdk/src/common/pico_util/pheap.c.obj
 .text.ph_remove_head
                0x0000000010001288      0x130 CMakeFiles/FuseTester.dir/home/rombutan/pico-sdk/src/common/pico_util/pheap.c.obj
                0x0000000010001288                ph_remove_head
 .text.ph_remove_and_free_node
                0x00000000100013b8       0x78 CMakeFiles/FuseTester.dir/home/rombutan/pico-sdk/src/common/pico_util/pheap.c.obj
                0x00000000100013b8                ph_remove_and_free_node
 .text.mutex_init
                0x0000000010001430       0x1c CMakeFiles/FuseTester.dir/home/rombutan/pico-sdk/src/common/pico_sync/mutex.c.obj
                0x0000000010001430                mutex_init
 .text.recursive_mutex_init
                0x000000001000144c       0x1c CMakeFiles/FuseTester.dir/home/rombutan/pico-sdk/src/common/pico_sync/mutex.c.obj
                0x000000001000144c                recursive_mutex_init
 .text.uart_init
                0x0000000010001468       0xe0 CMakeFiles/FuseTester.dir/home/rombutan/pico-sdk/src/rp2_common/hardware_uart/uart.c.obj
                0x0000000010001468                uart_init
 .text.runtime_init
                0x0000000010001548       0xec CMakeFiles/FuseTester.dir/home/rombutan/pico-sdk/src/rp2_common/pico_runtime/runtime.c.obj
                0x0000000010001548                runtime_init
 .text.exit     0x0000000010001634        0x4 CMakeFiles/FuseTester.dir/home/rombutan/pico-sdk/src/rp2_common/pico_runtime/runtime.c.obj
                0x0000000010001634                exit
 .text.panic    0x0000000010001638       0x30 CMakeFiles/FuseTester.dir/home/rombutan/pico-sdk/src/rp2_common/pico_runtime/runtime.c.obj
                0x0000000010001638                panic
 .text.hard_assertion_failure
                0x0000000010001668        0xc CMakeFiles/FuseTester.dir/home/rombutan/pico-sdk/src/rp2_common/pico_runtime/runtime.c.obj
                0x0000000010001668                hard_assertion_failure
 .text.clocks_init
                0x0000000010001674      0x2b4 CMakeFiles/FuseTester.dir/home/rombutan/pico-sdk/src/rp2_common/hardware_clocks/clocks.c.obj
                0x0000000010001674                clocks_init
 .text.clock_get_hz
                0x0000000010001928        0xc CMakeFiles/FuseTester.dir/home/rombutan/pico-sdk/src/rp2_common/hardware_clocks/clocks.c.obj
                0x0000000010001928                clock_get_hz
 .text.pll_init
                0x0000000010001934       0xa8 CMakeFiles/FuseTester.dir/home/rombutan/pico-sdk/src/rp2_common/hardware_pll/pll.c.obj
                0x0000000010001934                pll_init
 .text.watchdog_start_tick
                0x00000000100019dc       0x10 CMakeFiles/FuseTester.dir/home/rombutan/pico-sdk/src/rp2_common/hardware_watchdog/watchdog.c.obj
                0x00000000100019dc                watchdog_start_tick
 .text.xosc_init
                0x00000000100019ec       0x28 CMakeFiles/FuseTester.dir/home/rombutan/pico-sdk/src/rp2_common/hardware_xosc/xosc.c.obj
                0x00000000100019ec                xosc_init
 .text._out_null
                0x0000000010001a14        0x4 CMakeFiles/FuseTester.dir/home/rombutan/pico-sdk/src/rp2_common/pico_printf/printf.c.obj
 .text._out_rev
                0x0000000010001a18       0x90 CMakeFiles/FuseTester.dir/home/rombutan/pico-sdk/src/rp2_common/pico_printf/printf.c.obj
 .text._ntoa_format
                0x0000000010001aa8      0x208 CMakeFiles/FuseTester.dir/home/rombutan/pico-sdk/src/rp2_common/pico_printf/printf.c.obj
 .text._out_char
                0x0000000010001cb0       0x10 CMakeFiles/FuseTester.dir/home/rombutan/pico-sdk/src/rp2_common/pico_printf/printf.c.obj
 .text._out_fct
                0x0000000010001cc0       0x10 CMakeFiles/FuseTester.dir/home/rombutan/pico-sdk/src/rp2_common/pico_printf/printf.c.obj
 .text._etoa    0x0000000010001cd0      0x464 CMakeFiles/FuseTester.dir/home/rombutan/pico-sdk/src/rp2_common/pico_printf/printf.c.obj
 .text._ftoa    0x0000000010002134      0x3c4 CMakeFiles/FuseTester.dir/home/rombutan/pico-sdk/src/rp2_common/pico_printf/printf.c.obj
 .text._vsnprintf
                0x00000000100024f8      0xc18 CMakeFiles/FuseTester.dir/home/rombutan/pico-sdk/src/rp2_common/pico_printf/printf.c.obj
 .text.vfctprintf
                0x0000000010003110       0x20 CMakeFiles/FuseTester.dir/home/rombutan/pico-sdk/src/rp2_common/pico_printf/printf.c.obj
                0x0000000010003110                vfctprintf
 .text.weak_raw_vprintf
                0x0000000010003130       0x30 CMakeFiles/FuseTester.dir/home/rombutan/pico-sdk/src/rp2_common/pico_printf/printf.c.obj
                0x0000000010003130                weak_raw_vprintf
 .text          0x0000000010003160       0x10 CMakeFiles/FuseTester.dir/home/rombutan/pico-sdk/src/rp2_common/pico_bit_ops/bit_ops_aeabi.S.obj
 .text.rom_func_lookup
                0x0000000010003170       0x10 CMakeFiles/FuseTester.dir/home/rombutan/pico-sdk/src/rp2_common/pico_bootrom/bootrom.c.obj
                0x0000000010003170                rom_func_lookup
 .text.rom_data_lookup
                0x0000000010003180       0x10 CMakeFiles/FuseTester.dir/home/rombutan/pico-sdk/src/rp2_common/pico_bootrom/bootrom.c.obj
                0x0000000010003180                rom_data_lookup
 .text.rom_funcs_lookup
                0x0000000010003190       0x44 CMakeFiles/FuseTester.dir/home/rombutan/pico-sdk/src/rp2_common/pico_bootrom/bootrom.c.obj
                0x0000000010003190                rom_funcs_lookup
 .text.__wrap___aeabi_idiv
                0x00000000100031d4       0x50 CMakeFiles/FuseTester.dir/home/rombutan/pico-sdk/src/rp2_common/pico_divider/divider.S.obj
                0x00000000100031d4                __wrap___aeabi_idivmod
                0x00000000100031d4                divmod_s32s32
                0x00000000100031d4                div_s32s32
                0x00000000100031d4                __wrap___aeabi_idiv
                0x00000000100031dc                divmod_s32s32_unsafe
                0x0000000010003208                divmod_s32s32_savestate
 .text.__wrap___aeabi_uidiv
                0x0000000010003224       0x4c CMakeFiles/FuseTester.dir/home/rombutan/pico-sdk/src/rp2_common/pico_divider/divider.S.obj
                0x0000000010003224                __wrap___aeabi_uidiv
                0x0000000010003224                __wrap___aeabi_uidivmod
                0x0000000010003224                div_u32u32
                0x0000000010003224                divmod_u32u32
                0x000000001000322c                divmod_u32u32_unsafe
                0x0000000010003254                divmod_u32u32_savestate
 .text.__wrap___aeabi_ldiv
                0x0000000010003270      0x434 CMakeFiles/FuseTester.dir/home/rombutan/pico-sdk/src/rp2_common/pico_divider/divider.S.obj
                0x0000000010003270                div_s64s64
                0x0000000010003270                divmod_s64s64
                0x0000000010003270                __wrap___aeabi_ldivmod
                0x00000000100032a8                div_u64u64
                0x00000000100032a8                divmod_u64u64
                0x00000000100032a8                __wrap___aeabi_uldivmod
                0x00000000100032b8                divmod_u64u64_savestate
                0x00000000100032e0                divmod_s64s64_unsafe
                0x0000000010003368                divmod_u64u64_unsafe
 .text.__wrap___aeabi_darithmetic
                0x00000000100036a4       0x80 CMakeFiles/FuseTester.dir/home/rombutan/pico-sdk/src/rp2_common/pico_double/double_aeabi.S.obj
                0x00000000100036a4                __wrap___aeabi_drsub
                0x00000000100036aa                __wrap___aeabi_dsub
                0x00000000100036bc                __wrap___aeabi_dadd
                0x00000000100036ce                __wrap___aeabi_ddiv
                0x000000001000370a                __wrap___aeabi_dmul
 .text.__wrap___aeabi_cdcmple
                0x0000000010003724       0x6c CMakeFiles/FuseTester.dir/home/rombutan/pico-sdk/src/rp2_common/pico_double/double_aeabi.S.obj
                0x0000000010003724                __wrap___aeabi_cdrcmple
                0x0000000010003734                __wrap___aeabi_cdcmple
                0x0000000010003734                __wrap___aeabi_cdcmpeq
 .text.__wrap___aeabi_dcmplt
                0x0000000010003790        0xc CMakeFiles/FuseTester.dir/home/rombutan/pico-sdk/src/rp2_common/pico_double/double_aeabi.S.obj
                0x0000000010003790                __wrap___aeabi_dcmplt
 .text.__wrap___aeabi_dcmpge
                0x000000001000379c       0x10 CMakeFiles/FuseTester.dir/home/rombutan/pico-sdk/src/rp2_common/pico_double/double_aeabi.S.obj
                0x000000001000379c                __wrap___aeabi_dcmpge
 .text.__wrap___aeabi_dcmpgt
                0x00000000100037ac        0xa CMakeFiles/FuseTester.dir/home/rombutan/pico-sdk/src/rp2_common/pico_double/double_aeabi.S.obj
                0x00000000100037ac                __wrap___aeabi_dcmpgt
 .text.__wrap___aeabi_dcmpun
                0x00000000100037b6       0x1c CMakeFiles/FuseTester.dir/home/rombutan/pico-sdk/src/rp2_common/pico_double/double_aeabi.S.obj
                0x00000000100037b6                __wrap___aeabi_dcmpun
 *fill*         0x00000000100037d2        0x2 
 .text.__wrap___aeabi_i2d
                0x00000000100037d4       0x38 CMakeFiles/FuseTester.dir/home/rombutan/pico-sdk/src/rp2_common/pico_double/double_aeabi.S.obj
                0x00000000100037d4                __wrap___aeabi_ui2d
                0x00000000100037dc                __wrap___aeabi_i2d
 .text.__wrap___aeabi_d2iz
                0x000000001000380c       0x48 CMakeFiles/FuseTester.dir/home/rombutan/pico-sdk/src/rp2_common/pico_double/double_aeabi.S.obj
                0x000000001000380c                __wrap___aeabi_d2iz
                0x000000001000380c                double2int_z
 .text.__wrap___aeabi_d2uiz
                0x0000000010003854       0x18 CMakeFiles/FuseTester.dir/home/rombutan/pico-sdk/src/rp2_common/pico_double/double_aeabi.S.obj
                0x0000000010003854                double2uint
                0x0000000010003854                __wrap___aeabi_d2uiz
 .text.__aeabi_double_init
                0x000000001000386c       0x98 CMakeFiles/FuseTester.dir/home/rombutan/pico-sdk/src/rp2_common/pico_double/double_init_rom.c.obj
                0x000000001000386c                __aeabi_double_init
 .text.double_table_shim_on_use_helper
                0x0000000010003904       0x2c CMakeFiles/FuseTester.dir/home/rombutan/pico-sdk/src/rp2_common/pico_double/double_v1_rom_shim.S.obj
                0x0000000010003904                double_table_shim_on_use_helper
 .text.__wrap___aeabi_dsub
                0x0000000010003930       0x10 CMakeFiles/FuseTester.dir/home/rombutan/pico-sdk/src/rp2_common/pico_double/double_v1_rom_shim.S.obj
                0x0000000010003930                drsub_shim
                0x0000000010003936                dsub_shim
 .text.dadd_shim
                0x0000000010003940      0x15c CMakeFiles/FuseTester.dir/home/rombutan/pico-sdk/src/rp2_common/pico_double/double_v1_rom_shim.S.obj
                0x0000000010003940                dadd_shim
 .text.dmul_shim
                0x0000000010003a9c      0x15c CMakeFiles/FuseTester.dir/home/rombutan/pico-sdk/src/rp2_common/pico_double/double_v1_rom_shim.S.obj
                0x0000000010003a9c                dmul_shim
 .text.ddiv_shim
                0x0000000010003bf8      0x1b0 CMakeFiles/FuseTester.dir/home/rombutan/pico-sdk/src/rp2_common/pico_double/double_v1_rom_shim.S.obj
                0x0000000010003bf8                ddiv_shim
 .text.double2uint_shim
                0x0000000010003da8        0xe CMakeFiles/FuseTester.dir/home/rombutan/pico-sdk/src/rp2_common/pico_double/double_v1_rom_shim.S.obj
                0x0000000010003da8                double2uint_shim
                0x0000000010003daa                double2ufix_shim
 *fill*         0x0000000010003db6        0x2 
 .text.double2uint64_shim
                0x0000000010003db8       0x70 CMakeFiles/FuseTester.dir/home/rombutan/pico-sdk/src/rp2_common/pico_double/double_v1_rom_shim.S.obj
                0x0000000010003db8                double2uint64_shim
                0x0000000010003dba                double2ufix64_shim
                0x0000000010003dda                d2fix_a
 .text.dunpacks
                0x0000000010003e28       0x3c CMakeFiles/FuseTester.dir/home/rombutan/pico-sdk/src/rp2_common/pico_double/double_v1_rom_shim.S.obj
                0x0000000010003e28                dunpacks
 .text.__aeabi_lmul
                0x0000000010003e64       0x32 CMakeFiles/FuseTester.dir/home/rombutan/pico-sdk/src/rp2_common/pico_int64_ops/pico_int64_ops_aeabi.S.obj
                0x0000000010003e64                __wrap___aeabi_lmul
 *fill*         0x0000000010003e96        0x2 
 .text.__wrap___aeabi_farithmetic
                0x0000000010003e98       0x48 CMakeFiles/FuseTester.dir/home/rombutan/pico-sdk/src/rp2_common/pico_float/float_aeabi.S.obj
                0x0000000010003e98                __wrap___aeabi_frsub
                0x0000000010003e9e                __wrap___aeabi_fsub
                0x0000000010003ea4                __wrap___aeabi_fadd
                0x0000000010003eaa                __wrap___aeabi_fdiv
                0x0000000010003ed2                __wrap___aeabi_fmul
 .text.__wrap___aeabi_ui2f
                0x0000000010003ee0        0xa CMakeFiles/FuseTester.dir/home/rombutan/pico-sdk/src/rp2_common/pico_float/float_aeabi.S.obj
                0x0000000010003ee0                __wrap___aeabi_ui2f
 *fill*         0x0000000010003eea        0x2 
 .text.__wrap___aeabi_i2f
                0x0000000010003eec       0x44 CMakeFiles/FuseTester.dir/home/rombutan/pico-sdk/src/rp2_common/pico_float/float_aeabi.S.obj
                0x0000000010003eec                __wrap___aeabi_i2f
 .text.__wrap___aeabi_f2d
                0x0000000010003f30       0x14 CMakeFiles/FuseTester.dir/home/rombutan/pico-sdk/src/rp2_common/pico_float/float_aeabi.S.obj
                0x0000000010003f30                __wrap___aeabi_f2d
 .text.__aeabi_float_init
                0x0000000010003f44       0x64 CMakeFiles/FuseTester.dir/home/rombutan/pico-sdk/src/rp2_common/pico_float/float_init_rom.c.obj
                0x0000000010003f44                __aeabi_float_init
 .text.float_table_shim_on_use_helper
                0x0000000010003fa8       0x2c CMakeFiles/FuseTester.dir/home/rombutan/pico-sdk/src/rp2_common/pico_float/float_v1_rom_shim.S.obj
                0x0000000010003fa8                float_table_shim_on_use_helper
 .text.float2double_shim
                0x0000000010003fd4       0x30 CMakeFiles/FuseTester.dir/home/rombutan/pico-sdk/src/rp2_common/pico_float/float_v1_rom_shim.S.obj
                0x0000000010003fd4                float2double_shim
 .text          0x0000000010004004       0x10 CMakeFiles/FuseTester.dir/home/rombutan/pico-sdk/src/rp2_common/pico_mem_ops/mem_ops_aeabi.S.obj
                0x0000000010004004                __aeabi_mem_init
 .text.memset   0x0000000010004014        0xc CMakeFiles/FuseTester.dir/home/rombutan/pico-sdk/src/rp2_common/pico_mem_ops/mem_ops_aeabi.S.obj
                0x0000000010004014                __wrap_memset
 .text.memcpy   0x0000000010004020        0xc CMakeFiles/FuseTester.dir/home/rombutan/pico-sdk/src/rp2_common/pico_mem_ops/mem_ops_aeabi.S.obj
                0x0000000010004020                __wrap___aeabi_memcpy
                0x0000000010004020                __wrap_memcpy
 .text.stdio_out_chars_crlf
                0x000000001000402c       0x94 CMakeFiles/FuseTester.dir/home/rombutan/pico-sdk/src/rp2_common/pico_stdio/stdio.c.obj
 .text.stdio_buffered_printer
                0x00000000100040c0       0x64 CMakeFiles/FuseTester.dir/home/rombutan/pico-sdk/src/rp2_common/pico_stdio/stdio.c.obj
 .text.__wrap_putchar
                0x0000000010004124       0xa4 CMakeFiles/FuseTester.dir/home/rombutan/pico-sdk/src/rp2_common/pico_stdio/stdio.c.obj
                0x0000000010004124                __wrap_putchar
 .text.__wrap_puts
                0x00000000100041c8       0xe8 CMakeFiles/FuseTester.dir/home/rombutan/pico-sdk/src/rp2_common/pico_stdio/stdio.c.obj
                0x00000000100041c8                __wrap_puts
 .text.stdio_set_driver_enabled
                0x00000000100042b0       0x30 CMakeFiles/FuseTester.dir/home/rombutan/pico-sdk/src/rp2_common/pico_stdio/stdio.c.obj
                0x00000000100042b0                stdio_set_driver_enabled
 .text.__wrap_vprintf
                0x00000000100042e0       0xd4 CMakeFiles/FuseTester.dir/home/rombutan/pico-sdk/src/rp2_common/pico_stdio/stdio.c.obj
                0x00000000100042e0                __wrap_vprintf
 .text.__wrap_printf
                0x00000000100043b4       0x18 CMakeFiles/FuseTester.dir/home/rombutan/pico-sdk/src/rp2_common/pico_stdio/stdio.c.obj
                0x00000000100043b4                __wrap_printf
 .text.stdio_init_all
                0x00000000100043cc        0x8 CMakeFiles/FuseTester.dir/home/rombutan/pico-sdk/src/rp2_common/pico_stdio/stdio.c.obj
                0x00000000100043cc                stdio_init_all
 .text.stdio_uart_out_chars
                0x00000000100043d4       0x4c CMakeFiles/FuseTester.dir/home/rombutan/pico-sdk/src/rp2_common/pico_stdio_uart/stdio_uart.c.obj
 .text.stdio_uart_in_chars
                0x0000000010004420       0x38 CMakeFiles/FuseTester.dir/home/rombutan/pico-sdk/src/rp2_common/pico_stdio_uart/stdio_uart.c.obj
                0x0000000010004420                stdio_uart_in_chars
 .text.stdio_uart_init
                0x0000000010004458       0x48 CMakeFiles/FuseTester.dir/home/rombutan/pico-sdk/src/rp2_common/pico_stdio_uart/stdio_uart.c.obj
                0x0000000010004458                stdio_uart_init
 .text.i2c_set_baudrate
                0x00000000100044a0       0xc4 CMakeFiles/FuseTester.dir/home/rombutan/pico-sdk/src/rp2_common/hardware_i2c/i2c.c.obj
                0x00000000100044a0                i2c_set_baudrate
 .text.i2c_init
                0x0000000010004564       0x54 CMakeFiles/FuseTester.dir/home/rombutan/pico-sdk/src/rp2_common/hardware_i2c/i2c.c.obj
                0x0000000010004564                i2c_init
 .text.i2c_write_blocking
                0x00000000100045b8       0xd0 CMakeFiles/FuseTester.dir/home/rombutan/pico-sdk/src/rp2_common/hardware_i2c/i2c.c.obj
                0x00000000100045b8                i2c_write_blocking
 .text.i2c_read_blocking
                0x0000000010004688       0x90 CMakeFiles/FuseTester.dir/home/rombutan/pico-sdk/src/rp2_common/hardware_i2c/i2c.c.obj
                0x0000000010004688                i2c_read_blocking
 .text.ads1115_init
                0x0000000010004718       0x34 CMakeFiles/FuseTester.dir/pico-ads1115/lib/ads1115.c.obj
                0x0000000010004718                ads1115_init
 .text.ads1115_read_adc
                0x000000001000474c       0x8c CMakeFiles/FuseTester.dir/pico-ads1115/lib/ads1115.c.obj
                0x000000001000474c                ads1115_read_adc
 .text.ads1115_raw_to_volts
                0x00000000100047d8       0xa0 CMakeFiles/FuseTester.dir/pico-ads1115/lib/ads1115.c.obj
                0x00000000100047d8                ads1115_raw_to_volts
 .text.ads1115_write_config
                0x0000000010004878       0x24 CMakeFiles/FuseTester.dir/pico-ads1115/lib/ads1115.c.obj
                0x0000000010004878                ads1115_write_config
 .text.ads1115_set_input_mux
                0x000000001000489c       0x10 CMakeFiles/FuseTester.dir/pico-ads1115/lib/ads1115.c.obj
                0x000000001000489c                ads1115_set_input_mux
 .text.ads1115_set_pga
                0x00000000100048ac       0x10 CMakeFiles/FuseTester.dir/pico-ads1115/lib/ads1115.c.obj
                0x00000000100048ac                ads1115_set_pga
 .text.ads1115_set_data_rate
                0x00000000100048bc        0xc CMakeFiles/FuseTester.dir/pico-ads1115/lib/ads1115.c.obj
                0x00000000100048bc                ads1115_set_data_rate
 .text.atexit   0x00000000100048c8       0x10 /usr/lib/gcc/arm-none-eabi/12.2.0/../../../../arm-none-eabi/lib/thumb/v6-m/nofp/libc.a(lib_a-atexit.o)
                0x00000000100048c8                atexit
 .text.__libc_fini_array
                0x00000000100048d8       0x28 /usr/lib/gcc/arm-none-eabi/12.2.0/../../../../arm-none-eabi/lib/thumb/v6-m/nofp/libc.a(lib_a-fini.o)
                0x00000000100048d8                __libc_fini_array
 .text.strlen   0x0000000010004900       0x5c /usr/lib/gcc/arm-none-eabi/12.2.0/../../../../arm-none-eabi/lib/thumb/v6-m/nofp/libc.a(lib_a-strlen-stub.o)
                0x0000000010004900                strlen
 .text.__register_exitproc
                0x000000001000495c       0xac /usr/lib/gcc/arm-none-eabi/12.2.0/../../../../arm-none-eabi/lib/thumb/v6-m/nofp/libc.a(lib_a-__atexit.o)
                0x000000001000495c                __register_exitproc
 .text.startup.register_fini
                0x0000000010004a08       0x18 /usr/lib/gcc/arm-none-eabi/12.2.0/../../../../arm-none-eabi/lib/thumb/v6-m/nofp/libc.a(lib_a-__call_atexit.o)
 .text.__retarget_lock_acquire_recursive
                0x0000000010004a20        0x4 /usr/lib/gcc/arm-none-eabi/12.2.0/../../../../arm-none-eabi/lib/thumb/v6-m/nofp/libc.a(lib_a-lock.o)
                0x0000000010004a20                __retarget_lock_acquire_recursive
 .text.__retarget_lock_release_recursive
                0x0000000010004a24        0x4 /usr/lib/gcc/arm-none-eabi/12.2.0/../../../../arm-none-eabi/lib/thumb/v6-m/nofp/libc.a(lib_a-lock.o)
                0x0000000010004a24                __retarget_lock_release_recursive
 *(.fini)
 .fini          0x0000000010004a28        0x4 /usr/lib/gcc/arm-none-eabi/12.2.0/thumb/v6-m/nofp/crti.o
                0x0000000010004a28                _fini
 *fill*         0x0000000010004a2c        0x4 
 .fini.__stub   0x0000000010004a30       0x50 linker stubs
 *crtbegin.o(.ctors)
 *crtbegin?.o(.ctors)
 *(EXCLUDE_FILE(*crtend.o *crtend?.o) .ctors)
 *(SORT_BY_NAME(.ctors.*))
 *(.ctors)
 *crtbegin.o(.dtors)
 *crtbegin?.o(.dtors)
 *(EXCLUDE_FILE(*crtend.o *crtend?.o) .dtors)
 *(SORT_BY_NAME(.dtors.*))
 *(.dtors)
 *(.eh_frame*)
 .eh_frame      0x0000000010004a80        0x0 /usr/lib/gcc/arm-none-eabi/12.2.0/thumb/v6-m/nofp/crtbegin.o
                0x0000000010004a80                . = ALIGN (0x4)

.glue_7         0x0000000010004a80        0x0
 .glue_7        0x0000000010004a80        0x0 linker stubs

.glue_7t        0x0000000010004a80        0x0
 .glue_7t       0x0000000010004a80        0x0 linker stubs

.vfp11_veneer   0x0000000010004a80        0x0
 .vfp11_veneer  0x0000000010004a80        0x0 linker stubs

.v4_bx          0x0000000010004a80        0x0
 .v4_bx         0x0000000010004a80        0x0 linker stubs

.iplt           0x0000000010004a80        0x0
 .iplt          0x0000000010004a80        0x0 /usr/lib/gcc/arm-none-eabi/12.2.0/thumb/v6-m/nofp/crtbegin.o

.rodata         0x0000000010004a80      0x310
 *(EXCLUDE_FILE(*libm.a: *libc.a:*lib_a-mem*.o *libgcc.a:) .rodata*)
 .rodata.main.str1.4
                0x0000000010004a80       0x16 CMakeFiles/FuseTester.dir/main.c.obj
 *fill*         0x0000000010004a96        0x2 
 .rodata.hardware_alarm_claim.str1.4
                0x0000000010004a98       0x22 CMakeFiles/FuseTester.dir/home/rombutan/pico-sdk/src/rp2_common/hardware_timer/timer.c.obj
 *fill*         0x0000000010004aba        0x2 
 .rodata.panic.str1.4
                0x0000000010004abc       0x10 CMakeFiles/FuseTester.dir/home/rombutan/pico-sdk/src/rp2_common/pico_runtime/runtime.c.obj
                                         0x12 (size before relaxing)
 .rodata.hard_assertion_failure.str1.4
                0x0000000010004acc        0xc CMakeFiles/FuseTester.dir/home/rombutan/pico-sdk/src/rp2_common/pico_runtime/runtime.c.obj
 .rodata._ftoa.str1.4
                0x0000000010004ad8       0x15 CMakeFiles/FuseTester.dir/home/rombutan/pico-sdk/src/rp2_common/pico_printf/printf.c.obj
 *fill*         0x0000000010004aed        0x3 
 .rodata._vsnprintf
                0x0000000010004af0      0x19c CMakeFiles/FuseTester.dir/home/rombutan/pico-sdk/src/rp2_common/pico_printf/printf.c.obj
 *fill*         0x0000000010004c8c        0x4 
 .rodata.pow10.0
                0x0000000010004c90       0x50 CMakeFiles/FuseTester.dir/home/rombutan/pico-sdk/src/rp2_common/pico_printf/printf.c.obj
 .rodata.str1.4
                0x0000000010004ce0       0x40 CMakeFiles/FuseTester.dir/home/rombutan/pico-sdk/src/rp2_common/pico_standard_link/binary_info.c.obj
 .rodata.__bi_81
                0x0000000010004d20        0xc CMakeFiles/FuseTester.dir/home/rombutan/pico-sdk/src/rp2_common/pico_standard_link/binary_info.c.obj
 .rodata.__bi_75
                0x0000000010004d2c        0xc CMakeFiles/FuseTester.dir/home/rombutan/pico-sdk/src/rp2_common/pico_standard_link/binary_info.c.obj
 .rodata.__bi_44
                0x0000000010004d38        0xc CMakeFiles/FuseTester.dir/home/rombutan/pico-sdk/src/rp2_common/pico_standard_link/binary_info.c.obj
 .rodata.crlf_str.0
                0x0000000010004d44        0x2 CMakeFiles/FuseTester.dir/home/rombutan/pico-sdk/src/rp2_common/pico_stdio/stdio.c.obj
 *fill*         0x0000000010004d46        0x2 
 .rodata.str1.4
                0x0000000010004d48       0x2c CMakeFiles/FuseTester.dir/home/rombutan/pico-sdk/src/rp2_common/pico_stdio_uart/stdio_uart.c.obj
 .rodata.__bi_28.4
                0x0000000010004d74        0xc CMakeFiles/FuseTester.dir/home/rombutan/pico-sdk/src/rp2_common/pico_stdio_uart/stdio_uart.c.obj
 .rodata.__bi_29.5
                0x0000000010004d80        0x8 CMakeFiles/FuseTester.dir/home/rombutan/pico-sdk/src/rp2_common/pico_stdio_uart/stdio_uart.c.obj
 .rodata.ADS1115_POINTER_CONFIGURATION
                0x0000000010004d88        0x1 CMakeFiles/FuseTester.dir/pico-ads1115/lib/ads1115.c.obj
 .rodata.ADS1115_POINTER_CONVERSION
                0x0000000010004d89        0x1 CMakeFiles/FuseTester.dir/pico-ads1115/lib/ads1115.c.obj
 *fill*         0x0000000010004d8a        0x2 
 .rodata._global_impure_ptr
                0x0000000010004d8c        0x4 /usr/lib/gcc/arm-none-eabi/12.2.0/../../../../arm-none-eabi/lib/thumb/v6-m/nofp/libc.a(lib_a-impure.o)
                0x0000000010004d8c                _global_impure_ptr
                0x0000000010004d90                . = ALIGN (0x4)
 *(SORT_BY_ALIGNMENT(SORT_BY_NAME(.flashdata*)))
                0x0000000010004d90                . = ALIGN (0x4)

.rel.dyn        0x0000000010004d90        0x0
 .rel.iplt      0x0000000010004d90        0x0 /usr/lib/gcc/arm-none-eabi/12.2.0/thumb/v6-m/nofp/crtbegin.o

.ARM.extab
 *(.ARM.extab* .gnu.linkonce.armextab.*)
                0x0000000010004d90                __exidx_start = .

.ARM.exidx
 *(.ARM.exidx* .gnu.linkonce.armexidx.*)
                0x0000000010004d90                __exidx_end = .
                0x0000000010004d90                . = ALIGN (0x4)
                0x0000000010004d90                __binary_info_start = .

.binary_info    0x0000000010004d90       0x24
 *(.binary_info.keep.*)
 .binary_info.keep.__bi_ptr81
                0x0000000010004d90        0x4 CMakeFiles/FuseTester.dir/home/rombutan/pico-sdk/src/rp2_common/pico_standard_link/binary_info.c.obj
 .binary_info.keep.__bi_ptr75
                0x0000000010004d94        0x4 CMakeFiles/FuseTester.dir/home/rombutan/pico-sdk/src/rp2_common/pico_standard_link/binary_info.c.obj
 .binary_info.keep.__bi_ptr50
                0x0000000010004d98        0x4 CMakeFiles/FuseTester.dir/home/rombutan/pico-sdk/src/rp2_common/pico_standard_link/binary_info.c.obj
 .binary_info.keep.__bi_ptr44
                0x0000000010004d9c        0x4 CMakeFiles/FuseTester.dir/home/rombutan/pico-sdk/src/rp2_common/pico_standard_link/binary_info.c.obj
 .binary_info.keep.__bi_ptr38
                0x0000000010004da0        0x4 CMakeFiles/FuseTester.dir/home/rombutan/pico-sdk/src/rp2_common/pico_standard_link/binary_info.c.obj
 .binary_info.keep.__bi_ptr30
                0x0000000010004da4        0x4 CMakeFiles/FuseTester.dir/home/rombutan/pico-sdk/src/rp2_common/pico_standard_link/binary_info.c.obj
 .binary_info.keep.__bi_ptr22
                0x0000000010004da8        0x4 CMakeFiles/FuseTester.dir/home/rombutan/pico-sdk/src/rp2_common/pico_standard_link/binary_info.c.obj
 *(.binary_info.*)
 .binary_info.__bi_ptr29
                0x0000000010004dac        0x4 CMakeFiles/FuseTester.dir/home/rombutan/pico-sdk/src/rp2_common/pico_stdio_uart/stdio_uart.c.obj
 .binary_info.__bi_ptr28
                0x0000000010004db0        0x4 CMakeFiles/FuseTester.dir/home/rombutan/pico-sdk/src/rp2_common/pico_stdio_uart/stdio_uart.c.obj
                0x0000000010004db4                __binary_info_end = .
                0x0000000010004db4                . = ALIGN (0x4)
                0x0000000010004db4                __etext = .

.ram_vector_table
                0x0000000020000000       0xc0
 *(.ram_vector_table)
 .ram_vector_table
                0x0000000020000000       0xc0 CMakeFiles/FuseTester.dir/home/rombutan/pico-sdk/src/rp2_common/pico_runtime/runtime.c.obj
                0x0000000020000000                ram_vector_table

.data           0x00000000200000c0      0x5bc load address 0x0000000010004db4
                0x00000000200000c0                __data_start__ = .
 *(vtable)
 *(.time_critical*)
 .time_critical.mutex_enter_blocking
                0x00000000200000c0       0x48 CMakeFiles/FuseTester.dir/home/rombutan/pico-sdk/src/common/pico_sync/mutex.c.obj
                0x00000000200000c0                mutex_enter_blocking
 .time_critical.mutex_try_enter
                0x0000000020000108       0x40 CMakeFiles/FuseTester.dir/home/rombutan/pico-sdk/src/common/pico_sync/mutex.c.obj
                0x0000000020000108                mutex_try_enter
 .time_critical.mutex_exit
                0x0000000020000148       0x28 CMakeFiles/FuseTester.dir/home/rombutan/pico-sdk/src/common/pico_sync/mutex.c.obj
                0x0000000020000148                mutex_exit
 *(.text*)
 .text          0x0000000020000170        0x4 /usr/lib/gcc/arm-none-eabi/12.2.0/thumb/v6-m/nofp/libgcc.a(_dvmd_tls.o)
                0x0000000020000170                __aeabi_ldiv0
                0x0000000020000170                __aeabi_idiv0
                0x0000000020000174                . = ALIGN (0x4)
 *(.rodata*)
                0x0000000020000174                . = ALIGN (0x4)
 *(.data*)
 .data.striped_spin_lock_num
                0x0000000020000174        0x1 CMakeFiles/FuseTester.dir/home/rombutan/pico-sdk/src/rp2_common/hardware_sync/sync.c.obj
 *fill*         0x0000000020000175        0x3 
 .data          0x0000000020000178       0x48 CMakeFiles/FuseTester.dir/home/rombutan/pico-sdk/src/rp2_common/hardware_irq/irq_handler_chain.S.obj
                0x0000000020000178                irq_handler_chain_slots
                0x00000000200001a8                irq_handler_chain_first_slot
                0x00000000200001b2                irq_handler_chain_remove_tail
 .data.default_alarm_pool
                0x00000000200001c0       0x18 CMakeFiles/FuseTester.dir/home/rombutan/pico-sdk/src/common/pico_time/time.c.obj
 .data.default_alarm_pool_heap
                0x00000000200001d8       0x10 CMakeFiles/FuseTester.dir/home/rombutan/pico-sdk/src/common/pico_time/time.c.obj
 *fill*         0x00000000200001e8        0x8 
 .data.aeabi_bits_funcs
                0x00000000200001f0       0x10 CMakeFiles/FuseTester.dir/home/rombutan/pico-sdk/src/rp2_common/pico_bit_ops/bit_ops_aeabi.S.obj
                0x00000000200001f0                aeabi_bits_funcs
                0x0000000020000200                aeabi_bits_funcs_end
 .data.aeabi_mem_funcs
                0x0000000020000200       0x10 CMakeFiles/FuseTester.dir/home/rombutan/pico-sdk/src/rp2_common/pico_mem_ops/mem_ops_aeabi.S.obj
                0x0000000020000200                aeabi_mem_funcs
                0x0000000020000210                aeabi_mem_funcs_end
 .data.stdio_uart
                0x0000000020000210       0x14 CMakeFiles/FuseTester.dir/home/rombutan/pico-sdk/src/rp2_common/pico_stdio_uart/stdio_uart.c.obj
                0x0000000020000210                stdio_uart
 .data.i2c0_inst
                0x0000000020000224        0x8 CMakeFiles/FuseTester.dir/home/rombutan/pico-sdk/src/rp2_common/hardware_i2c/i2c.c.obj
                0x0000000020000224                i2c0_inst
 *fill*         0x000000002000022c        0x4 
 .data.impure_data
                0x0000000020000230      0x428 /usr/lib/gcc/arm-none-eabi/12.2.0/../../../../arm-none-eabi/lib/thumb/v6-m/nofp/libc.a(lib_a-impure.o)
 .data.__atexit_recursive_mutex
                0x0000000020000658        0x4 /usr/lib/gcc/arm-none-eabi/12.2.0/../../../../arm-none-eabi/lib/thumb/v6-m/nofp/libc.a(lib_a-__call_atexit.o)
                0x0000000020000658                __atexit_recursive_mutex
                0x000000002000065c                . = ALIGN (0x4)
 *(.after_data.*)
                0x000000002000065c                . = ALIGN (0x4)
                0x000000002000065c                PROVIDE (__mutex_array_start = .)
 *(SORT_BY_NAME(.mutex_array.*))
 *(.mutex_array)
 .mutex_array   0x000000002000065c        0x8 CMakeFiles/FuseTester.dir/home/rombutan/pico-sdk/src/rp2_common/pico_stdio/stdio.c.obj
                0x0000000020000664                PROVIDE (__mutex_array_end = .)
                0x0000000020000664                . = ALIGN (0x4)
                0x0000000020000664                PROVIDE (__preinit_array_start = .)
 *(SORT_BY_NAME(.preinit_array.*))
 .preinit_array.00001
                0x0000000020000664        0x4 CMakeFiles/FuseTester.dir/home/rombutan/pico-sdk/src/rp2_common/pico_mem_ops/mem_ops_aeabi.S.obj
 .preinit_array.00010
                0x0000000020000668        0x4 CMakeFiles/FuseTester.dir/home/rombutan/pico-sdk/src/rp2_common/pico_bit_ops/bit_ops_aeabi.S.obj
 .preinit_array.00020
                0x000000002000066c        0x4 CMakeFiles/FuseTester.dir/home/rombutan/pico-sdk/src/rp2_common/pico_double/double_aeabi.S.obj
 .preinit_array.00020
                0x0000000020000670        0x4 CMakeFiles/FuseTester.dir/home/rombutan/pico-sdk/src/rp2_common/pico_float/float_aeabi.S.obj
 *(.preinit_array)
                0x0000000020000674                PROVIDE (__preinit_array_end = .)
                0x0000000020000674                . = ALIGN (0x4)
                0x0000000020000674                PROVIDE (__init_array_start = .)
 *(SORT_BY_NAME(.init_array.*))
 .init_array.00000
                0x0000000020000674        0x4 /usr/lib/gcc/arm-none-eabi/12.2.0/../../../../arm-none-eabi/lib/thumb/v6-m/nofp/libc.a(lib_a-__call_atexit.o)
 *(.init_array)
 .init_array    0x0000000020000678        0x4 /usr/lib/gcc/arm-none-eabi/12.2.0/thumb/v6-m/nofp/crtbegin.o
                0x000000002000067c                PROVIDE (__init_array_end = .)
                0x000000002000067c                . = ALIGN (0x4)
                0x000000002000067c                PROVIDE (__fini_array_start = .)
 *(SORT_BY_NAME(.fini_array.*))
 *(.fini_array)
                0x000000002000067c                PROVIDE (__fini_array_end = .)
 *(.jcr)
                0x000000002000067c                . = ALIGN (0x4)
                0x000000002000067c                __data_end__ = .

.tm_clone_table
                0x000000002000067c        0x0 load address 0x0000000010005370
 .tm_clone_table
                0x000000002000067c        0x0 /usr/lib/gcc/arm-none-eabi/12.2.0/thumb/v6-m/nofp/crtbegin.o
 .tm_clone_table
                0x000000002000067c        0x0 /usr/lib/gcc/arm-none-eabi/12.2.0/thumb/v6-m/nofp/crtend.o

.igot.plt       0x000000002000067c        0x0 load address 0x0000000010005370
 .igot.plt      0x000000002000067c        0x0 /usr/lib/gcc/arm-none-eabi/12.2.0/thumb/v6-m/nofp/crtbegin.o

.uninitialized_data
                0x000000002000067c        0x0 load address 0x0000000010005370
                0x000000002000067c                . = ALIGN (0x4)
 *(.uninitialized_data*)

.scratch_x      0x0000000020040000        0x0 load address 0x0000000010005370
                0x0000000020040000                __scratch_x_start__ = .
 *(.scratch_x.*)
                0x0000000020040000                . = ALIGN (0x4)
                0x0000000020040000                __scratch_x_end__ = .
                0x0000000010005370                __scratch_x_source__ = LOADADDR (.scratch_x)

.scratch_y      0x0000000020041000        0x0 load address 0x0000000010005370
                0x0000000020041000                __scratch_y_start__ = .
 *(.scratch_y.*)
                0x0000000020041000                . = ALIGN (0x4)
                0x0000000020041000                __scratch_y_end__ = .
                0x0000000010005370                __scratch_y_source__ = LOADADDR (.scratch_y)

.bss            0x0000000020000680      0x3e0
                0x0000000020000680                . = ALIGN (0x4)
                0x0000000020000680                __bss_start__ = .
 *(SORT_BY_ALIGNMENT(SORT_BY_NAME(.bss*)))
 .bss.configured_freq
                0x0000000020000680       0x28 CMakeFiles/FuseTester.dir/home/rombutan/pico-sdk/src/rp2_common/hardware_clocks/clocks.c.obj
 .bss.default_alarm_pool_entries
                0x00000000200006a8      0x100 CMakeFiles/FuseTester.dir/home/rombutan/pico-sdk/src/common/pico_time/time.c.obj
 .bss.sd_table  0x00000000200007a8      0x100 CMakeFiles/FuseTester.dir/home/rombutan/pico-sdk/src/rp2_common/pico_double/double_init_rom.c.obj
                0x00000000200007a8                sd_table
 .bss.sf_table  0x00000000200008a8      0x100 CMakeFiles/FuseTester.dir/home/rombutan/pico-sdk/src/rp2_common/pico_float/float_init_rom.c.obj
                0x00000000200008a8                sf_table
 .bss           0x00000000200009a8       0x1c /usr/lib/gcc/arm-none-eabi/12.2.0/thumb/v6-m/nofp/crtbegin.o
 .bss.__lock___atexit_recursive_mutex
                0x00000000200009c4        0x1 /usr/lib/gcc/arm-none-eabi/12.2.0/../../../../arm-none-eabi/lib/thumb/v6-m/nofp/libc.a(lib_a-lock.o)
                0x00000000200009c4                __lock___atexit_recursive_mutex
 *fill*         0x00000000200009c5        0x3 
 .bss.adc       0x00000000200009c8        0x8 CMakeFiles/FuseTester.dir/main.c.obj
                0x00000000200009c8                adc
 .bss.alarm_callbacks
                0x00000000200009d0       0x10 CMakeFiles/FuseTester.dir/home/rombutan/pico-sdk/src/rp2_common/hardware_timer/timer.c.obj
 .bss.default_alarm_pool_entry_ids_high
                0x00000000200009e0       0x10 CMakeFiles/FuseTester.dir/home/rombutan/pico-sdk/src/common/pico_time/time.c.obj
 .bss.default_alarm_pool_heap_nodes
                0x00000000200009f0       0x30 CMakeFiles/FuseTester.dir/home/rombutan/pico-sdk/src/common/pico_time/time.c.obj
 .bss.drivers   0x0000000020000a20        0x4 CMakeFiles/FuseTester.dir/home/rombutan/pico-sdk/src/rp2_common/pico_stdio/stdio.c.obj
 .bss.filter    0x0000000020000a24        0x4 CMakeFiles/FuseTester.dir/home/rombutan/pico-sdk/src/rp2_common/pico_stdio/stdio.c.obj
 .bss.lazy_vsnprintf
                0x0000000020000a28        0x4 CMakeFiles/FuseTester.dir/home/rombutan/pico-sdk/src/rp2_common/pico_printf/printf.c.obj
 .bss.pools     0x0000000020000a2c       0x10 CMakeFiles/FuseTester.dir/home/rombutan/pico-sdk/src/common/pico_time/time.c.obj
 .bss.sf_clz_func
                0x0000000020000a3c        0x4 CMakeFiles/FuseTester.dir/home/rombutan/pico-sdk/src/rp2_common/pico_double/double_init_rom.c.obj
                0x0000000020000a3c                sf_clz_func
 .bss.sleep_notifier
                0x0000000020000a40        0x4 CMakeFiles/FuseTester.dir/home/rombutan/pico-sdk/src/common/pico_time/time.c.obj
 .bss.target_hi
                0x0000000020000a44       0x10 CMakeFiles/FuseTester.dir/home/rombutan/pico-sdk/src/rp2_common/hardware_timer/timer.c.obj
 .bss.uart_char_to_line_feed
                0x0000000020000a54        0x4 CMakeFiles/FuseTester.dir/home/rombutan/pico-sdk/src/rp2_common/hardware_uart/uart.c.obj
                0x0000000020000a54                uart_char_to_line_feed
 .bss.uart_instance
                0x0000000020000a58        0x4 CMakeFiles/FuseTester.dir/home/rombutan/pico-sdk/src/rp2_common/pico_stdio_uart/stdio_uart.c.obj
 .bss.claimed   0x0000000020000a5c        0x1 CMakeFiles/FuseTester.dir/home/rombutan/pico-sdk/src/rp2_common/hardware_timer/timer.c.obj
 .bss.irq_hander_chain_free_slot_head
                0x0000000020000a5d        0x1 CMakeFiles/FuseTester.dir/home/rombutan/pico-sdk/src/rp2_common/hardware_irq/irq.c.obj
 .bss.timer_callbacks_pending
                0x0000000020000a5e        0x1 CMakeFiles/FuseTester.dir/home/rombutan/pico-sdk/src/rp2_common/hardware_timer/timer.c.obj
 *(COMMON)
                0x0000000020000a60                . = ALIGN (0x4)
 *fill*         0x0000000020000a5f        0x1 
                0x0000000020000a60                __bss_end__ = .

.heap           0x0000000020000a60      0x800
                0x0000000020000a60                __end__ = .
                0x0000000020000a60                end = __end__
 *(.heap*)
 .heap          0x0000000020000a60      0x800 CMakeFiles/FuseTester.dir/home/rombutan/pico-sdk/src/rp2_common/pico_standard_link/crt0.S.obj
                0x0000000020001260                __HeapLimit = .

.stack1_dummy
 *(.stack1*)

.stack_dummy    0x0000000020041000      0x800
 *(.stack*)
 .stack         0x0000000020041000      0x800 CMakeFiles/FuseTester.dir/home/rombutan/pico-sdk/src/rp2_common/pico_standard_link/crt0.S.obj

.flash_end      0x0000000010005370        0x0
                0x0000000010005370                __flash_binary_end = .
                0x0000000020040000                __StackLimit = (ORIGIN (RAM) + LENGTH (RAM))
                0x0000000020041000                __StackOneTop = (ORIGIN (SCRATCH_X) + LENGTH (SCRATCH_X))
                0x0000000020042000                __StackTop = (ORIGIN (SCRATCH_Y) + LENGTH (SCRATCH_Y))
                0x0000000020041000                __StackOneBottom = (__StackOneTop - SIZEOF (.stack1_dummy))
                0x0000000020041800                __StackBottom = (__StackTop - SIZEOF (.stack_dummy))
                0x0000000020042000                PROVIDE (__stack = __StackTop)
                0x0000000000000001                ASSERT ((__StackLimit >= __HeapLimit), region RAM overflowed)
                0x0000000000000001                ASSERT (((__binary_info_header_end - __logical_binary_start) <= 0x100), Binary info must be in first 256 bytes of the binary)
LOAD CMakeFiles/FuseTester.dir/main.c.obj
LOAD CMakeFiles/FuseTester.dir/home/rombutan/pico-sdk/src/rp2_common/pico_stdlib/stdlib.c.obj
LOAD CMakeFiles/FuseTester.dir/home/rombutan/pico-sdk/src/rp2_common/hardware_gpio/gpio.c.obj
LOAD CMakeFiles/FuseTester.dir/home/rombutan/pico-sdk/src/rp2_common/hardware_claim/claim.c.obj
LOAD CMakeFiles/FuseTester.dir/home/rombutan/pico-sdk/src/rp2_common/pico_platform/platform.c.obj
LOAD CMakeFiles/FuseTester.dir/home/rombutan/pico-sdk/src/rp2_common/hardware_sync/sync.c.obj
LOAD CMakeFiles/FuseTester.dir/home/rombutan/pico-sdk/src/rp2_common/hardware_irq/irq.c.obj
LOAD CMakeFiles/FuseTester.dir/home/rombutan/pico-sdk/src/rp2_common/hardware_irq/irq_handler_chain.S.obj
LOAD CMakeFiles/FuseTester.dir/home/rombutan/pico-sdk/src/common/pico_sync/sem.c.obj
LOAD CMakeFiles/FuseTester.dir/home/rombutan/pico-sdk/src/common/pico_sync/lock_core.c.obj
LOAD CMakeFiles/FuseTester.dir/home/rombutan/pico-sdk/src/common/pico_time/time.c.obj
LOAD CMakeFiles/FuseTester.dir/home/rombutan/pico-sdk/src/common/pico_time/timeout_helper.c.obj
LOAD CMakeFiles/FuseTester.dir/home/rombutan/pico-sdk/src/rp2_common/hardware_timer/timer.c.obj
LOAD CMakeFiles/FuseTester.dir/home/rombutan/pico-sdk/src/common/pico_util/datetime.c.obj
LOAD CMakeFiles/FuseTester.dir/home/rombutan/pico-sdk/src/common/pico_util/pheap.c.obj
LOAD CMakeFiles/FuseTester.dir/home/rombutan/pico-sdk/src/common/pico_util/queue.c.obj
LOAD CMakeFiles/FuseTester.dir/home/rombutan/pico-sdk/src/common/pico_sync/mutex.c.obj
LOAD CMakeFiles/FuseTester.dir/home/rombutan/pico-sdk/src/common/pico_sync/critical_section.c.obj
LOAD CMakeFiles/FuseTester.dir/home/rombutan/pico-sdk/src/rp2_common/hardware_uart/uart.c.obj
LOAD CMakeFiles/FuseTester.dir/home/rombutan/pico-sdk/src/rp2_common/hardware_divider/divider.S.obj
LOAD CMakeFiles/FuseTester.dir/home/rombutan/pico-sdk/src/rp2_common/pico_runtime/runtime.c.obj
LOAD CMakeFiles/FuseTester.dir/home/rombutan/pico-sdk/src/rp2_common/hardware_clocks/clocks.c.obj
LOAD CMakeFiles/FuseTester.dir/home/rombutan/pico-sdk/src/rp2_common/hardware_pll/pll.c.obj
LOAD CMakeFiles/FuseTester.dir/home/rombutan/pico-sdk/src/rp2_common/hardware_vreg/vreg.c.obj
LOAD CMakeFiles/FuseTester.dir/home/rombutan/pico-sdk/src/rp2_common/hardware_watchdog/watchdog.c.obj
LOAD CMakeFiles/FuseTester.dir/home/rombutan/pico-sdk/src/rp2_common/hardware_xosc/xosc.c.obj
LOAD CMakeFiles/FuseTester.dir/home/rombutan/pico-sdk/src/rp2_common/pico_printf/printf.c.obj
LOAD CMakeFiles/FuseTester.dir/home/rombutan/pico-sdk/src/rp2_common/pico_bit_ops/bit_ops_aeabi.S.obj
LOAD CMakeFiles/FuseTester.dir/home/rombutan/pico-sdk/src/rp2_common/pico_bootrom/bootrom.c.obj
LOAD CMakeFiles/FuseTester.dir/home/rombutan/pico-sdk/src/rp2_common/pico_divider/divider.S.obj
LOAD CMakeFiles/FuseTester.dir/home/rombutan/pico-sdk/src/rp2_common/pico_double/double_aeabi.S.obj
LOAD CMakeFiles/FuseTester.dir/home/rombutan/pico-sdk/src/rp2_common/pico_double/double_init_rom.c.obj
LOAD CMakeFiles/FuseTester.dir/home/rombutan/pico-sdk/src/rp2_common/pico_double/double_math.c.obj
LOAD CMakeFiles/FuseTester.dir/home/rombutan/pico-sdk/src/rp2_common/pico_double/double_v1_rom_shim.S.obj
LOAD CMakeFiles/FuseTester.dir/home/rombutan/pico-sdk/src/rp2_common/pico_int64_ops/pico_int64_ops_aeabi.S.obj
LOAD CMakeFiles/FuseTester.dir/home/rombutan/pico-sdk/src/rp2_common/pico_float/float_aeabi.S.obj
LOAD CMakeFiles/FuseTester.dir/home/rombutan/pico-sdk/src/rp2_common/pico_float/float_init_rom.c.obj
LOAD CMakeFiles/FuseTester.dir/home/rombutan/pico-sdk/src/rp2_common/pico_float/float_math.c.obj
LOAD CMakeFiles/FuseTester.dir/home/rombutan/pico-sdk/src/rp2_common/pico_float/float_v1_rom_shim.S.obj
LOAD CMakeFiles/FuseTester.dir/home/rombutan/pico-sdk/src/rp2_common/pico_malloc/pico_malloc.c.obj
LOAD CMakeFiles/FuseTester.dir/home/rombutan/pico-sdk/src/rp2_common/pico_mem_ops/mem_ops_aeabi.S.obj
LOAD CMakeFiles/FuseTester.dir/home/rombutan/pico-sdk/src/rp2_common/pico_standard_link/crt0.S.obj
LOAD CMakeFiles/FuseTester.dir/home/rombutan/pico-sdk/src/rp2_common/pico_standard_link/new_delete.cpp.obj
LOAD CMakeFiles/FuseTester.dir/home/rombutan/pico-sdk/src/rp2_common/pico_standard_link/binary_info.c.obj
LOAD CMakeFiles/FuseTester.dir/home/rombutan/pico-sdk/src/rp2_common/pico_stdio/stdio.c.obj
LOAD CMakeFiles/FuseTester.dir/home/rombutan/pico-sdk/src/rp2_common/pico_stdio_uart/stdio_uart.c.obj
LOAD CMakeFiles/FuseTester.dir/home/rombutan/pico-sdk/src/rp2_common/hardware_i2c/i2c.c.obj
LOAD CMakeFiles/FuseTester.dir/pico-ads1115/lib/ads1115.c.obj
LOAD /tmp/cc3bUhSd.o
LOAD /usr/lib/gcc/arm-none-eabi/12.2.0/../../../../arm-none-eabi/lib/thumb/v6-m/nofp/libstdc++.a
LOAD /usr/lib/gcc/arm-none-eabi/12.2.0/../../../../arm-none-eabi/lib/thumb/v6-m/nofp/libm.a
START GROUP
LOAD /usr/lib/gcc/arm-none-eabi/12.2.0/thumb/v6-m/nofp/libgcc.a
LOAD /usr/lib/gcc/arm-none-eabi/12.2.0/../../../../arm-none-eabi/lib/thumb/v6-m/nofp/libc.a
END GROUP
START GROUP
LOAD /usr/lib/gcc/arm-none-eabi/12.2.0/thumb/v6-m/nofp/libgcc.a
LOAD /usr/lib/gcc/arm-none-eabi/12.2.0/../../../../arm-none-eabi/lib/thumb/v6-m/nofp/libc.a
LOAD /usr/lib/gcc/arm-none-eabi/12.2.0/../../../../arm-none-eabi/lib/thumb/v6-m/nofp/libnosys.a
END GROUP
LOAD /usr/lib/gcc/arm-none-eabi/12.2.0/thumb/v6-m/nofp/crtend.o
LOAD /usr/lib/gcc/arm-none-eabi/12.2.0/thumb/v6-m/nofp/crtn.o
OUTPUT(FuseTester.elf elf32-littlearm)
LOAD linker stubs

.ARM.attributes
                0x0000000000000000       0x28
 .ARM.attributes
                0x0000000000000000       0x1e /usr/lib/gcc/arm-none-eabi/12.2.0/thumb/v6-m/nofp/crti.o
 .ARM.attributes
                0x000000000000001e       0x2c /usr/lib/gcc/arm-none-eabi/12.2.0/thumb/v6-m/nofp/crtbegin.o
 .ARM.attributes
                0x000000000000004a       0x2c CMakeFiles/FuseTester.dir/main.c.obj
 .ARM.attributes
                0x0000000000000076       0x2c CMakeFiles/FuseTester.dir/home/rombutan/pico-sdk/src/rp2_common/hardware_gpio/gpio.c.obj
 .ARM.attributes
                0x00000000000000a2       0x2c CMakeFiles/FuseTester.dir/home/rombutan/pico-sdk/src/rp2_common/hardware_claim/claim.c.obj
 .ARM.attributes
                0x00000000000000ce       0x2c CMakeFiles/FuseTester.dir/home/rombutan/pico-sdk/src/rp2_common/pico_platform/platform.c.obj
 .ARM.attributes
                0x00000000000000fa       0x2c CMakeFiles/FuseTester.dir/home/rombutan/pico-sdk/src/rp2_common/hardware_sync/sync.c.obj
 .ARM.attributes
                0x0000000000000126       0x2c CMakeFiles/FuseTester.dir/home/rombutan/pico-sdk/src/rp2_common/hardware_irq/irq.c.obj
 .ARM.attributes
                0x0000000000000152       0x22 CMakeFiles/FuseTester.dir/home/rombutan/pico-sdk/src/rp2_common/hardware_irq/irq_handler_chain.S.obj
 .ARM.attributes
                0x0000000000000174       0x2c CMakeFiles/FuseTester.dir/home/rombutan/pico-sdk/src/common/pico_sync/lock_core.c.obj
 .ARM.attributes
                0x00000000000001a0       0x2c CMakeFiles/FuseTester.dir/home/rombutan/pico-sdk/src/common/pico_time/time.c.obj
 .ARM.attributes
                0x00000000000001cc       0x2c CMakeFiles/FuseTester.dir/home/rombutan/pico-sdk/src/rp2_common/hardware_timer/timer.c.obj
 .ARM.attributes
                0x00000000000001f8       0x2c CMakeFiles/FuseTester.dir/home/rombutan/pico-sdk/src/common/pico_util/pheap.c.obj
 .ARM.attributes
                0x0000000000000224       0x2c CMakeFiles/FuseTester.dir/home/rombutan/pico-sdk/src/common/pico_sync/mutex.c.obj
 .ARM.attributes
                0x0000000000000250       0x2c CMakeFiles/FuseTester.dir/home/rombutan/pico-sdk/src/rp2_common/hardware_uart/uart.c.obj
 .ARM.attributes
                0x000000000000027c       0x2c CMakeFiles/FuseTester.dir/home/rombutan/pico-sdk/src/rp2_common/pico_runtime/runtime.c.obj
 .ARM.attributes
                0x00000000000002a8       0x2c CMakeFiles/FuseTester.dir/home/rombutan/pico-sdk/src/rp2_common/hardware_clocks/clocks.c.obj
 .ARM.attributes
                0x00000000000002d4       0x2c CMakeFiles/FuseTester.dir/home/rombutan/pico-sdk/src/rp2_common/hardware_pll/pll.c.obj
 .ARM.attributes
                0x0000000000000300       0x2c CMakeFiles/FuseTester.dir/home/rombutan/pico-sdk/src/rp2_common/hardware_watchdog/watchdog.c.obj
 .ARM.attributes
                0x000000000000032c       0x2c CMakeFiles/FuseTester.dir/home/rombutan/pico-sdk/src/rp2_common/hardware_xosc/xosc.c.obj
 .ARM.attributes
                0x0000000000000358       0x2c CMakeFiles/FuseTester.dir/home/rombutan/pico-sdk/src/rp2_common/pico_printf/printf.c.obj
 .ARM.attributes
                0x0000000000000384       0x22 CMakeFiles/FuseTester.dir/home/rombutan/pico-sdk/src/rp2_common/pico_bit_ops/bit_ops_aeabi.S.obj
 .ARM.attributes
                0x00000000000003a6       0x2c CMakeFiles/FuseTester.dir/home/rombutan/pico-sdk/src/rp2_common/pico_bootrom/bootrom.c.obj
 .ARM.attributes
                0x00000000000003d2       0x22 CMakeFiles/FuseTester.dir/home/rombutan/pico-sdk/src/rp2_common/pico_divider/divider.S.obj
 .ARM.attributes
                0x00000000000003f4       0x22 CMakeFiles/FuseTester.dir/home/rombutan/pico-sdk/src/rp2_common/pico_double/double_aeabi.S.obj
 .ARM.attributes
                0x0000000000000416       0x2c CMakeFiles/FuseTester.dir/home/rombutan/pico-sdk/src/rp2_common/pico_double/double_init_rom.c.obj
 .ARM.attributes
                0x0000000000000442       0x22 CMakeFiles/FuseTester.dir/home/rombutan/pico-sdk/src/rp2_common/pico_double/double_v1_rom_shim.S.obj
 .ARM.attributes
                0x0000000000000464       0x22 CMakeFiles/FuseTester.dir/home/rombutan/pico-sdk/src/rp2_common/pico_int64_ops/pico_int64_ops_aeabi.S.obj
 .ARM.attributes
                0x0000000000000486       0x22 CMakeFiles/FuseTester.dir/home/rombutan/pico-sdk/src/rp2_common/pico_float/float_aeabi.S.obj
 .ARM.attributes
                0x00000000000004a8       0x2c CMakeFiles/FuseTester.dir/home/rombutan/pico-sdk/src/rp2_common/pico_float/float_init_rom.c.obj
 .ARM.attributes
                0x00000000000004d4       0x22 CMakeFiles/FuseTester.dir/home/rombutan/pico-sdk/src/rp2_common/pico_float/float_v1_rom_shim.S.obj
 .ARM.attributes
                0x00000000000004f6       0x22 CMakeFiles/FuseTester.dir/home/rombutan/pico-sdk/src/rp2_common/pico_mem_ops/mem_ops_aeabi.S.obj
 .ARM.attributes
                0x0000000000000518       0x22 CMakeFiles/FuseTester.dir/home/rombutan/pico-sdk/src/rp2_common/pico_standard_link/crt0.S.obj
 .ARM.attributes
                0x000000000000053a       0x2c CMakeFiles/FuseTester.dir/home/rombutan/pico-sdk/src/rp2_common/pico_standard_link/binary_info.c.obj
 .ARM.attributes
                0x0000000000000566       0x2c CMakeFiles/FuseTester.dir/home/rombutan/pico-sdk/src/rp2_common/pico_stdio/stdio.c.obj
 .ARM.attributes
                0x0000000000000592       0x2c CMakeFiles/FuseTester.dir/home/rombutan/pico-sdk/src/rp2_common/pico_stdio_uart/stdio_uart.c.obj
 .ARM.attributes
                0x00000000000005be       0x2c CMakeFiles/FuseTester.dir/home/rombutan/pico-sdk/src/rp2_common/hardware_i2c/i2c.c.obj
 .ARM.attributes
                0x00000000000005ea       0x2c CMakeFiles/FuseTester.dir/pico-ads1115/lib/ads1115.c.obj
 .ARM.attributes
                0x0000000000000616       0x22 /tmp/cc3bUhSd.o
 .ARM.attributes
                0x0000000000000638       0x1e /usr/lib/gcc/arm-none-eabi/12.2.0/thumb/v6-m/nofp/libgcc.a(_dvmd_tls.o)
 .ARM.attributes
                0x0000000000000656       0x2c /usr/lib/gcc/arm-none-eabi/12.2.0/../../../../arm-none-eabi/lib/thumb/v6-m/nofp/libc.a(lib_a-atexit.o)
 .ARM.attributes
                0x0000000000000682       0x2c /usr/lib/gcc/arm-none-eabi/12.2.0/../../../../arm-none-eabi/lib/thumb/v6-m/nofp/libc.a(lib_a-fini.o)
 .ARM.attributes
                0x00000000000006ae       0x2c /usr/lib/gcc/arm-none-eabi/12.2.0/../../../../arm-none-eabi/lib/thumb/v6-m/nofp/libc.a(lib_a-impure.o)
 .ARM.attributes
                0x00000000000006da       0x2c /usr/lib/gcc/arm-none-eabi/12.2.0/../../../../arm-none-eabi/lib/thumb/v6-m/nofp/libc.a(lib_a-strlen-stub.o)
 .ARM.attributes
                0x0000000000000706       0x2c /usr/lib/gcc/arm-none-eabi/12.2.0/../../../../arm-none-eabi/lib/thumb/v6-m/nofp/libc.a(lib_a-__atexit.o)
 .ARM.attributes
                0x0000000000000732       0x2c /usr/lib/gcc/arm-none-eabi/12.2.0/../../../../arm-none-eabi/lib/thumb/v6-m/nofp/libc.a(lib_a-__call_atexit.o)
 .ARM.attributes
                0x000000000000075e       0x2c /usr/lib/gcc/arm-none-eabi/12.2.0/../../../../arm-none-eabi/lib/thumb/v6-m/nofp/libc.a(lib_a-lock.o)
 .ARM.attributes
                0x000000000000078a       0x2c /usr/lib/gcc/arm-none-eabi/12.2.0/thumb/v6-m/nofp/crtend.o

.comment        0x0000000000000000       0x46
 .comment       0x0000000000000000       0x23 /usr/lib/gcc/arm-none-eabi/12.2.0/thumb/v6-m/nofp/crtbegin.o
                                         0x24 (size before relaxing)
 .comment       0x0000000000000023       0x24 CMakeFiles/FuseTester.dir/main.c.obj
 .comment       0x0000000000000023       0x24 CMakeFiles/FuseTester.dir/home/rombutan/pico-sdk/src/rp2_common/hardware_gpio/gpio.c.obj
 .comment       0x0000000000000023       0x24 CMakeFiles/FuseTester.dir/home/rombutan/pico-sdk/src/rp2_common/hardware_claim/claim.c.obj
 .comment       0x0000000000000023       0x24 CMakeFiles/FuseTester.dir/home/rombutan/pico-sdk/src/rp2_common/pico_platform/platform.c.obj
 .comment       0x0000000000000023       0x24 CMakeFiles/FuseTester.dir/home/rombutan/pico-sdk/src/rp2_common/hardware_sync/sync.c.obj
 .comment       0x0000000000000023       0x24 CMakeFiles/FuseTester.dir/home/rombutan/pico-sdk/src/rp2_common/hardware_irq/irq.c.obj
 .comment       0x0000000000000023       0x24 CMakeFiles/FuseTester.dir/home/rombutan/pico-sdk/src/common/pico_sync/lock_core.c.obj
 .comment       0x0000000000000023       0x24 CMakeFiles/FuseTester.dir/home/rombutan/pico-sdk/src/common/pico_time/time.c.obj
 .comment       0x0000000000000023       0x24 CMakeFiles/FuseTester.dir/home/rombutan/pico-sdk/src/rp2_common/hardware_timer/timer.c.obj
 .comment       0x0000000000000023       0x24 CMakeFiles/FuseTester.dir/home/rombutan/pico-sdk/src/common/pico_util/pheap.c.obj
 .comment       0x0000000000000023       0x24 CMakeFiles/FuseTester.dir/home/rombutan/pico-sdk/src/common/pico_sync/mutex.c.obj
 .comment       0x0000000000000023       0x24 CMakeFiles/FuseTester.dir/home/rombutan/pico-sdk/src/rp2_common/hardware_uart/uart.c.obj
 .comment       0x0000000000000023       0x24 CMakeFiles/FuseTester.dir/home/rombutan/pico-sdk/src/rp2_common/pico_runtime/runtime.c.obj
 .comment       0x0000000000000023       0x24 CMakeFiles/FuseTester.dir/home/rombutan/pico-sdk/src/rp2_common/hardware_clocks/clocks.c.obj
 .comment       0x0000000000000023       0x24 CMakeFiles/FuseTester.dir/home/rombutan/pico-sdk/src/rp2_common/hardware_pll/pll.c.obj
 .comment       0x0000000000000023       0x24 CMakeFiles/FuseTester.dir/home/rombutan/pico-sdk/src/rp2_common/hardware_watchdog/watchdog.c.obj
 .comment       0x0000000000000023       0x24 CMakeFiles/FuseTester.dir/home/rombutan/pico-sdk/src/rp2_common/hardware_xosc/xosc.c.obj
 .comment       0x0000000000000023       0x24 CMakeFiles/FuseTester.dir/home/rombutan/pico-sdk/src/rp2_common/pico_printf/printf.c.obj
 .comment       0x0000000000000023       0x24 CMakeFiles/FuseTester.dir/home/rombutan/pico-sdk/src/rp2_common/pico_bootrom/bootrom.c.obj
 .comment       0x0000000000000023       0x24 CMakeFiles/FuseTester.dir/home/rombutan/pico-sdk/src/rp2_common/pico_double/double_init_rom.c.obj
 .comment       0x0000000000000023       0x24 CMakeFiles/FuseTester.dir/home/rombutan/pico-sdk/src/rp2_common/pico_float/float_init_rom.c.obj
 .comment       0x0000000000000023       0x24 CMakeFiles/FuseTester.dir/home/rombutan/pico-sdk/src/rp2_common/pico_standard_link/binary_info.c.obj
 .comment       0x0000000000000023       0x24 CMakeFiles/FuseTester.dir/home/rombutan/pico-sdk/src/rp2_common/pico_stdio/stdio.c.obj
 .comment       0x0000000000000023       0x24 CMakeFiles/FuseTester.dir/home/rombutan/pico-sdk/src/rp2_common/pico_stdio_uart/stdio_uart.c.obj
 .comment       0x0000000000000023       0x24 CMakeFiles/FuseTester.dir/home/rombutan/pico-sdk/src/rp2_common/hardware_i2c/i2c.c.obj
 .comment       0x0000000000000023       0x24 CMakeFiles/FuseTester.dir/pico-ads1115/lib/ads1115.c.obj
 .comment       0x0000000000000023       0x23 /usr/lib/gcc/arm-none-eabi/12.2.0/../../../../arm-none-eabi/lib/thumb/v6-m/nofp/libc.a(lib_a-atexit.o)
                                         0x24 (size before relaxing)
 .comment       0x0000000000000046       0x24 /usr/lib/gcc/arm-none-eabi/12.2.0/../../../../arm-none-eabi/lib/thumb/v6-m/nofp/libc.a(lib_a-fini.o)
 .comment       0x0000000000000046       0x24 /usr/lib/gcc/arm-none-eabi/12.2.0/../../../../arm-none-eabi/lib/thumb/v6-m/nofp/libc.a(lib_a-impure.o)
 .comment       0x0000000000000046       0x24 /usr/lib/gcc/arm-none-eabi/12.2.0/../../../../arm-none-eabi/lib/thumb/v6-m/nofp/libc.a(lib_a-strlen-stub.o)
 .comment       0x0000000000000046       0x24 /usr/lib/gcc/arm-none-eabi/12.2.0/../../../../arm-none-eabi/lib/thumb/v6-m/nofp/libc.a(lib_a-__atexit.o)
 .comment       0x0000000000000046       0x24 /usr/lib/gcc/arm-none-eabi/12.2.0/../../../../arm-none-eabi/lib/thumb/v6-m/nofp/libc.a(lib_a-__call_atexit.o)
 .comment       0x0000000000000046       0x24 /usr/lib/gcc/arm-none-eabi/12.2.0/../../../../arm-none-eabi/lib/thumb/v6-m/nofp/libc.a(lib_a-lock.o)
 .comment       0x0000000000000046       0x24 /usr/lib/gcc/arm-none-eabi/12.2.0/thumb/v6-m/nofp/crtend.o

.debug_line     0x0000000000000000      0x96d
 .debug_line    0x0000000000000000       0x4a /usr/lib/gcc/arm-none-eabi/12.2.0/thumb/v6-m/nofp/libgcc.a(_dvmd_tls.o)
 .debug_line    0x000000000000004a       0xc4 /usr/lib/gcc/arm-none-eabi/12.2.0/../../../../arm-none-eabi/lib/thumb/v6-m/nofp/libc.a(lib_a-atexit.o)
 .debug_line    0x000000000000010e       0xe3 /usr/lib/gcc/arm-none-eabi/12.2.0/../../../../arm-none-eabi/lib/thumb/v6-m/nofp/libc.a(lib_a-fini.o)
 .debug_line    0x00000000000001f1       0xe5 /usr/lib/gcc/arm-none-eabi/12.2.0/../../../../arm-none-eabi/lib/thumb/v6-m/nofp/libc.a(lib_a-impure.o)
 .debug_line    0x00000000000002d6      0x16e /usr/lib/gcc/arm-none-eabi/12.2.0/../../../../arm-none-eabi/lib/thumb/v6-m/nofp/libc.a(lib_a-strlen-stub.o)
 .debug_line    0x0000000000000444      0x1ce /usr/lib/gcc/arm-none-eabi/12.2.0/../../../../arm-none-eabi/lib/thumb/v6-m/nofp/libc.a(lib_a-__atexit.o)
 .debug_line    0x0000000000000612      0x299 /usr/lib/gcc/arm-none-eabi/12.2.0/../../../../arm-none-eabi/lib/thumb/v6-m/nofp/libc.a(lib_a-__call_atexit.o)
 .debug_line    0x00000000000008ab       0xc2 /usr/lib/gcc/arm-none-eabi/12.2.0/../../../../arm-none-eabi/lib/thumb/v6-m/nofp/libc.a(lib_a-lock.o)

.debug_line_str
                0x0000000000000000       0xa4
 .debug_line_str
                0x0000000000000000       0xa4 /usr/lib/gcc/arm-none-eabi/12.2.0/thumb/v6-m/nofp/libgcc.a(_dvmd_tls.o)
                                         0xb0 (size before relaxing)

.debug_info     0x0000000000000000     0x21ba
 .debug_info    0x0000000000000000       0x24 /usr/lib/gcc/arm-none-eabi/12.2.0/thumb/v6-m/nofp/libgcc.a(_dvmd_tls.o)
 .debug_info    0x0000000000000024      0x118 /usr/lib/gcc/arm-none-eabi/12.2.0/../../../../arm-none-eabi/lib/thumb/v6-m/nofp/libc.a(lib_a-atexit.o)
 .debug_info    0x000000000000013c       0xf7 /usr/lib/gcc/arm-none-eabi/12.2.0/../../../../arm-none-eabi/lib/thumb/v6-m/nofp/libc.a(lib_a-fini.o)
 .debug_info    0x0000000000000233      0x8c8 /usr/lib/gcc/arm-none-eabi/12.2.0/../../../../arm-none-eabi/lib/thumb/v6-m/nofp/libc.a(lib_a-impure.o)
 .debug_info    0x0000000000000afb       0xeb /usr/lib/gcc/arm-none-eabi/12.2.0/../../../../arm-none-eabi/lib/thumb/v6-m/nofp/libc.a(lib_a-strlen-stub.o)
 .debug_info    0x0000000000000be6      0x999 /usr/lib/gcc/arm-none-eabi/12.2.0/../../../../arm-none-eabi/lib/thumb/v6-m/nofp/libc.a(lib_a-__atexit.o)
 .debug_info    0x000000000000157f      0xa21 /usr/lib/gcc/arm-none-eabi/12.2.0/../../../../arm-none-eabi/lib/thumb/v6-m/nofp/libc.a(lib_a-__call_atexit.o)
 .debug_info    0x0000000000001fa0      0x21a /usr/lib/gcc/arm-none-eabi/12.2.0/../../../../arm-none-eabi/lib/thumb/v6-m/nofp/libc.a(lib_a-lock.o)

.debug_abbrev   0x0000000000000000      0xa56
 .debug_abbrev  0x0000000000000000       0x14 /usr/lib/gcc/arm-none-eabi/12.2.0/thumb/v6-m/nofp/libgcc.a(_dvmd_tls.o)
 .debug_abbrev  0x0000000000000014       0xbe /usr/lib/gcc/arm-none-eabi/12.2.0/../../../../arm-none-eabi/lib/thumb/v6-m/nofp/libc.a(lib_a-atexit.o)
 .debug_abbrev  0x00000000000000d2       0xc9 /usr/lib/gcc/arm-none-eabi/12.2.0/../../../../arm-none-eabi/lib/thumb/v6-m/nofp/libc.a(lib_a-fini.o)
 .debug_abbrev  0x000000000000019b      0x1ca /usr/lib/gcc/arm-none-eabi/12.2.0/../../../../arm-none-eabi/lib/thumb/v6-m/nofp/libc.a(lib_a-impure.o)
 .debug_abbrev  0x0000000000000365       0x90 /usr/lib/gcc/arm-none-eabi/12.2.0/../../../../arm-none-eabi/lib/thumb/v6-m/nofp/libc.a(lib_a-strlen-stub.o)
 .debug_abbrev  0x00000000000003f5      0x272 /usr/lib/gcc/arm-none-eabi/12.2.0/../../../../arm-none-eabi/lib/thumb/v6-m/nofp/libc.a(lib_a-__atexit.o)
 .debug_abbrev  0x0000000000000667      0x2da /usr/lib/gcc/arm-none-eabi/12.2.0/../../../../arm-none-eabi/lib/thumb/v6-m/nofp/libc.a(lib_a-__call_atexit.o)
 .debug_abbrev  0x0000000000000941      0x115 /usr/lib/gcc/arm-none-eabi/12.2.0/../../../../arm-none-eabi/lib/thumb/v6-m/nofp/libc.a(lib_a-lock.o)

.debug_aranges  0x0000000000000000      0x108
 .debug_aranges
                0x0000000000000000       0x20 /usr/lib/gcc/arm-none-eabi/12.2.0/thumb/v6-m/nofp/libgcc.a(_dvmd_tls.o)
 .debug_aranges
                0x0000000000000020       0x20 /usr/lib/gcc/arm-none-eabi/12.2.0/../../../../arm-none-eabi/lib/thumb/v6-m/nofp/libc.a(lib_a-atexit.o)
 .debug_aranges
                0x0000000000000040       0x20 /usr/lib/gcc/arm-none-eabi/12.2.0/../../../../arm-none-eabi/lib/thumb/v6-m/nofp/libc.a(lib_a-fini.o)
 .debug_aranges
                0x0000000000000060       0x18 /usr/lib/gcc/arm-none-eabi/12.2.0/../../../../arm-none-eabi/lib/thumb/v6-m/nofp/libc.a(lib_a-impure.o)
 .debug_aranges
                0x0000000000000078       0x20 /usr/lib/gcc/arm-none-eabi/12.2.0/../../../../arm-none-eabi/lib/thumb/v6-m/nofp/libc.a(lib_a-strlen-stub.o)
 .debug_aranges
                0x0000000000000098       0x20 /usr/lib/gcc/arm-none-eabi/12.2.0/../../../../arm-none-eabi/lib/thumb/v6-m/nofp/libc.a(lib_a-__atexit.o)
 .debug_aranges
                0x00000000000000b8       0x28 /usr/lib/gcc/arm-none-eabi/12.2.0/../../../../arm-none-eabi/lib/thumb/v6-m/nofp/libc.a(lib_a-__call_atexit.o)
 .debug_aranges
                0x00000000000000e0       0x28 /usr/lib/gcc/arm-none-eabi/12.2.0/../../../../arm-none-eabi/lib/thumb/v6-m/nofp/libc.a(lib_a-lock.o)

.debug_str      0x0000000000000000      0xb31
 .debug_str     0x0000000000000000       0xb0 /usr/lib/gcc/arm-none-eabi/12.2.0/thumb/v6-m/nofp/libgcc.a(_dvmd_tls.o)
 .debug_str     0x00000000000000b0      0x1b6 /usr/lib/gcc/arm-none-eabi/12.2.0/../../../../arm-none-eabi/lib/thumb/v6-m/nofp/libc.a(lib_a-atexit.o)
                                        0x1f6 (size before relaxing)
 .debug_str     0x0000000000000266       0xcc /usr/lib/gcc/arm-none-eabi/12.2.0/../../../../arm-none-eabi/lib/thumb/v6-m/nofp/libc.a(lib_a-fini.o)
                                        0x1ee (size before relaxing)
 .debug_str     0x0000000000000332      0x447 /usr/lib/gcc/arm-none-eabi/12.2.0/../../../../arm-none-eabi/lib/thumb/v6-m/nofp/libc.a(lib_a-impure.o)
                                        0x591 (size before relaxing)
 .debug_str     0x0000000000000779       0xbb /usr/lib/gcc/arm-none-eabi/12.2.0/../../../../arm-none-eabi/lib/thumb/v6-m/nofp/libc.a(lib_a-strlen-stub.o)
                                        0x1de (size before relaxing)
 .debug_str     0x0000000000000834       0x7f /usr/lib/gcc/arm-none-eabi/12.2.0/../../../../arm-none-eabi/lib/thumb/v6-m/nofp/libc.a(lib_a-__atexit.o)
                                        0x628 (size before relaxing)
 .debug_str     0x00000000000008b3       0x99 /usr/lib/gcc/arm-none-eabi/12.2.0/../../../../arm-none-eabi/lib/thumb/v6-m/nofp/libc.a(lib_a-__call_atexit.o)
                                        0x65b (size before relaxing)
 .debug_str     0x000000000000094c      0x1e5 /usr/lib/gcc/arm-none-eabi/12.2.0/../../../../arm-none-eabi/lib/thumb/v6-m/nofp/libc.a(lib_a-lock.o)
                                        0x349 (size before relaxing)

.debug_loclists
                0x0000000000000000      0x30f
 .debug_loclists
                0x0000000000000000       0x2a /usr/lib/gcc/arm-none-eabi/12.2.0/../../../../arm-none-eabi/lib/thumb/v6-m/nofp/libc.a(lib_a-atexit.o)
 .debug_loclists
                0x000000000000002a       0x34 /usr/lib/gcc/arm-none-eabi/12.2.0/../../../../arm-none-eabi/lib/thumb/v6-m/nofp/libc.a(lib_a-fini.o)
 .debug_loclists
                0x000000000000005e       0x5e /usr/lib/gcc/arm-none-eabi/12.2.0/../../../../arm-none-eabi/lib/thumb/v6-m/nofp/libc.a(lib_a-strlen-stub.o)
 .debug_loclists
                0x00000000000000bc      0x107 /usr/lib/gcc/arm-none-eabi/12.2.0/../../../../arm-none-eabi/lib/thumb/v6-m/nofp/libc.a(lib_a-__atexit.o)
 .debug_loclists
                0x00000000000001c3      0x129 /usr/lib/gcc/arm-none-eabi/12.2.0/../../../../arm-none-eabi/lib/thumb/v6-m/nofp/libc.a(lib_a-__call_atexit.o)
 .debug_loclists
                0x00000000000002ec       0x23 /usr/lib/gcc/arm-none-eabi/12.2.0/../../../../arm-none-eabi/lib/thumb/v6-m/nofp/libc.a(lib_a-lock.o)

.debug_rnglists
                0x0000000000000000       0x93
 .debug_rnglists
                0x0000000000000000       0x13 /usr/lib/gcc/arm-none-eabi/12.2.0/../../../../arm-none-eabi/lib/thumb/v6-m/nofp/libc.a(lib_a-atexit.o)
 .debug_rnglists
                0x0000000000000013       0x13 /usr/lib/gcc/arm-none-eabi/12.2.0/../../../../arm-none-eabi/lib/thumb/v6-m/nofp/libc.a(lib_a-fini.o)
 .debug_rnglists
                0x0000000000000026       0x13 /usr/lib/gcc/arm-none-eabi/12.2.0/../../../../arm-none-eabi/lib/thumb/v6-m/nofp/libc.a(lib_a-strlen-stub.o)
 .debug_rnglists
                0x0000000000000039       0x14 /usr/lib/gcc/arm-none-eabi/12.2.0/../../../../arm-none-eabi/lib/thumb/v6-m/nofp/libc.a(lib_a-__atexit.o)
 .debug_rnglists
                0x000000000000004d       0x2d /usr/lib/gcc/arm-none-eabi/12.2.0/../../../../arm-none-eabi/lib/thumb/v6-m/nofp/libc.a(lib_a-__call_atexit.o)
 .debug_rnglists
                0x000000000000007a       0x19 /usr/lib/gcc/arm-none-eabi/12.2.0/../../../../arm-none-eabi/lib/thumb/v6-m/nofp/libc.a(lib_a-lock.o)

.debug_frame    0x0000000000000000      0x1b8
 .debug_frame   0x0000000000000000       0x28 /usr/lib/gcc/arm-none-eabi/12.2.0/../../../../arm-none-eabi/lib/thumb/v6-m/nofp/libc.a(lib_a-atexit.o)
 .debug_frame   0x0000000000000028       0x2c /usr/lib/gcc/arm-none-eabi/12.2.0/../../../../arm-none-eabi/lib/thumb/v6-m/nofp/libc.a(lib_a-fini.o)
 .debug_frame   0x0000000000000054       0x28 /usr/lib/gcc/arm-none-eabi/12.2.0/../../../../arm-none-eabi/lib/thumb/v6-m/nofp/libc.a(lib_a-strlen-stub.o)
 .debug_frame   0x000000000000007c       0x38 /usr/lib/gcc/arm-none-eabi/12.2.0/../../../../arm-none-eabi/lib/thumb/v6-m/nofp/libc.a(lib_a-__atexit.o)
 .debug_frame   0x00000000000000b4       0x54 /usr/lib/gcc/arm-none-eabi/12.2.0/../../../../arm-none-eabi/lib/thumb/v6-m/nofp/libc.a(lib_a-__call_atexit.o)
 .debug_frame   0x0000000000000108       0xb0 /usr/lib/gcc/arm-none-eabi/12.2.0/../../../../arm-none-eabi/lib/thumb/v6-m/nofp/libc.a(lib_a-lock.o)
